Component: ARM Compiler 5.06 update 7 (build 960) Tool: armlink [4d3601]

==============================================================================

Section Cross References

    can.o(i.HAL_CAN_MspDeInit) refers to stm32f4xx_hal_gpio.o(i.HAL_GPIO_DeInit) for HAL_GPIO_DeInit
    can.o(i.HAL_CAN_MspDeInit) refers to stm32f4xx_hal_cortex.o(i.HAL_NVIC_DisableIRQ) for HAL_NVIC_DisableIRQ
    can.o(i.HAL_CAN_MspDeInit) refers to can.o(.data) for HAL_RCC_CAN1_CLK_ENABLED
    can.o(i.HAL_CAN_MspInit) refers to rt_memclr_w.o(.text) for __aeabi_memclr4
    can.o(i.HAL_CAN_MspInit) refers to stm32f4xx_hal_gpio.o(i.HAL_GPIO_Init) for HAL_GPIO_Init
    can.o(i.HAL_CAN_MspInit) refers to stm32f4xx_hal_cortex.o(i.HAL_NVIC_SetPriority) for HAL_NVIC_SetPriority
    can.o(i.HAL_CAN_MspInit) refers to stm32f4xx_hal_cortex.o(i.HAL_NVIC_EnableIRQ) for HAL_NVIC_EnableIRQ
    can.o(i.HAL_CAN_MspInit) refers to can.o(.data) for HAL_RCC_CAN1_CLK_ENABLED
    can.o(i.MX_CAN1_Init) refers to stm32f4xx_hal_can.o(i.HAL_CAN_Init) for HAL_CAN_Init
    can.o(i.MX_CAN1_Init) refers to main.o(i.Error_Handler) for Error_Handler
    can.o(i.MX_CAN1_Init) refers to can.o(.bss) for hcan1
    can.o(i.MX_CAN2_Init) refers to stm32f4xx_hal_can.o(i.HAL_CAN_Init) for HAL_CAN_Init
    can.o(i.MX_CAN2_Init) refers to main.o(i.Error_Handler) for Error_Handler
    can.o(i.MX_CAN2_Init) refers to can.o(.bss) for hcan2
    dma.o(i.MX_DMA_Init) refers to stm32f4xx_hal_cortex.o(i.HAL_NVIC_SetPriority) for HAL_NVIC_SetPriority
    dma.o(i.MX_DMA_Init) refers to stm32f4xx_hal_cortex.o(i.HAL_NVIC_EnableIRQ) for HAL_NVIC_EnableIRQ
    freertos.o(i.MX_FREERTOS_Init) refers to queue.o(i.xQueueGenericCreate) for xQueueGenericCreate
    freertos.o(i.MX_FREERTOS_Init) refers to cmsis_os2.o(i.osThreadNew) for osThreadNew
    freertos.o(i.MX_FREERTOS_Init) refers to freertos.o(.data) for remote_semaphore
    freertos.o(i.MX_FREERTOS_Init) refers to freertos.o(.constdata) for defaultTask_attributes
    freertos.o(i.MX_FREERTOS_Init) refers to freertos.o(i.StartDefaultTask) for StartDefaultTask
    freertos.o(i.StartDefaultTask) refers to Task_Init.o(i.Task_Init) for Task_Init
    freertos.o(i.StartDefaultTask) refers to tasks.o(i.vTaskDelete) for vTaskDelete
    freertos.o(i.StartDefaultTask) refers to cmsis_os2.o(i.osDelay) for osDelay
    freertos.o(.constdata) refers to freertos.o(.conststring) for .conststring
    main.o(i.HAL_TIM_PeriodElapsedCallback) refers to stm32f4xx_hal.o(i.HAL_IncTick) for HAL_IncTick
    main.o(i.SystemClock_Config) refers to rt_memclr_w.o(.text) for __aeabi_memclr4
    main.o(i.SystemClock_Config) refers to stm32f4xx_hal_rcc.o(i.HAL_RCC_OscConfig) for HAL_RCC_OscConfig
    main.o(i.SystemClock_Config) refers to main.o(i.Error_Handler) for Error_Handler
    main.o(i.SystemClock_Config) refers to stm32f4xx_hal_rcc.o(i.HAL_RCC_ClockConfig) for HAL_RCC_ClockConfig
    main.o(i.main) refers to stm32f4xx_hal.o(i.HAL_Init) for HAL_Init
    main.o(i.main) refers to main.o(i.SystemClock_Config) for SystemClock_Config
    main.o(i.main) refers to gpio.o(i.MX_GPIO_Init) for MX_GPIO_Init
    main.o(i.main) refers to dma.o(i.MX_DMA_Init) for MX_DMA_Init
    main.o(i.main) refers to can.o(i.MX_CAN1_Init) for MX_CAN1_Init
    main.o(i.main) refers to can.o(i.MX_CAN2_Init) for MX_CAN2_Init
    main.o(i.main) refers to usart.o(i.MX_USART2_UART_Init) for MX_USART2_UART_Init
    main.o(i.main) refers to usart.o(i.MX_USART6_UART_Init) for MX_USART6_UART_Init
    main.o(i.main) refers to usart.o(i.MX_UART4_Init) for MX_UART4_Init
    main.o(i.main) refers to usart.o(i.MX_UART5_Init) for MX_UART5_Init
    main.o(i.main) refers to usart.o(i.MX_USART3_UART_Init) for MX_USART3_UART_Init
    main.o(i.main) refers to CANDrive.o(i.CanFilter_Init) for CanFilter_Init
    main.o(i.main) refers to stm32f4xx_hal_can.o(i.HAL_CAN_Start) for HAL_CAN_Start
    main.o(i.main) refers to stm32f4xx_hal_can.o(i.HAL_CAN_ActivateNotification) for HAL_CAN_ActivateNotification
    main.o(i.main) refers to cmsis_os2.o(i.osKernelInitialize) for osKernelInitialize
    main.o(i.main) refers to freertos.o(i.MX_FREERTOS_Init) for MX_FREERTOS_Init
    main.o(i.main) refers to cmsis_os2.o(i.osKernelStart) for osKernelStart
    main.o(i.main) refers to can.o(.bss) for hcan2
    stm32f4xx_hal_msp.o(i.HAL_MspInit) refers to stm32f4xx_hal_cortex.o(i.HAL_NVIC_SetPriority) for HAL_NVIC_SetPriority
    stm32f4xx_hal_timebase_tim.o(i.HAL_InitTick) refers to stm32f4xx_hal_rcc.o(i.HAL_RCC_GetClockConfig) for HAL_RCC_GetClockConfig
    stm32f4xx_hal_timebase_tim.o(i.HAL_InitTick) refers to stm32f4xx_hal_rcc.o(i.HAL_RCC_GetPCLK2Freq) for HAL_RCC_GetPCLK2Freq
    stm32f4xx_hal_timebase_tim.o(i.HAL_InitTick) refers to stm32f4xx_hal_tim.o(i.HAL_TIM_Base_Init) for HAL_TIM_Base_Init
    stm32f4xx_hal_timebase_tim.o(i.HAL_InitTick) refers to stm32f4xx_hal_tim.o(i.HAL_TIM_Base_Start_IT) for HAL_TIM_Base_Start_IT
[...]
    uxDeletedTasksWaitingCleanUp             0x20000068   Data           4  tasks.o(.data)
    uxCurrentNumberOfTasks                   0x2000006c   Data           4  tasks.o(.data)
    xTickCount                               0x20000070   Data           4  tasks.o(.data)
    uxTopReadyPriority                       0x20000074   Data           4  tasks.o(.data)
    xSchedulerRunning                        0x20000078   Data           4  tasks.o(.data)
    xPendedTicks                             0x2000007c   Data           4  tasks.o(.data)
    xYieldPending                            0x20000080   Data           4  tasks.o(.data)
    xNumOfOverflows                          0x20000084   Data           4  tasks.o(.data)
    uxTaskNumber                             0x20000088   Data           4  tasks.o(.data)
    xNextTaskUnblockTime                     0x2000008c   Data           4  tasks.o(.data)
    xIdleTaskHandle                          0x20000090   Data           4  tasks.o(.data)
    uxSchedulerSuspended                     0x20000094   Data           4  tasks.o(.data)
    .data                                    0x20000098   Section       20  timers.o(.data)
    pxCurrentTimerList                       0x20000098   Data           4  timers.o(.data)
    pxOverflowTimerList                      0x2000009c   Data           4  timers.o(.data)
    xTimerQueue                              0x200000a0   Data           4  timers.o(.data)
    xTimerTaskHandle                         0x200000a4   Data           4  timers.o(.data)
    xLastTime                                0x200000a8   Data           4  timers.o(.data)
    .data                                    0x200000ac   Section      440  Chassis.o(.data)
    .data                                    0x20000264   Section      152  hitball.o(.data)
    .bss                                     0x200002fc   Section       80  can.o(.bss)
    .bss                                     0x2000034c   Section       72  stm32f4xx_hal_timebase_tim.o(.bss)
    .bss                                     0x20000394   Section       42  stm32f4xx_it.o(.bss)
    .bss                                     0x200003c0   Section     1320  usart.o(.bss)
    .bss                                     0x200008e8   Section     1720  cmsis_os2.o(.bss)
    Idle_TCB                                 0x200008e8   Data          92  cmsis_os2.o(.bss)
    Idle_Stack                               0x20000944   Data         512  cmsis_os2.o(.bss)
    Timer_TCB                                0x20000b44   Data          92  cmsis_os2.o(.bss)
    Timer_Stack                              0x20000ba0   Data        1024  cmsis_os2.o(.bss)
    .bss                                     0x20000fa0   Section    15360  heap_4.o(.bss)
    ucHeap                                   0x20000fa0   Data       15360  heap_4.o(.bss)
    .bss                                     0x20004ba0   Section       64  queue.o(.bss)
    .bss                                     0x20004be0   Section     1220  tasks.o(.bss)
    pxReadyTasksLists                        0x20004be0   Data        1120  tasks.o(.bss)
    xDelayedTaskList1                        0x20005040   Data          20  tasks.o(.bss)
    xDelayedTaskList2                        0x20005054   Data          20  tasks.o(.bss)
    xPendingReadyList                        0x20005068   Data          20  tasks.o(.bss)
    xTasksWaitingTermination                 0x2000507c   Data          20  tasks.o(.bss)
    xSuspendedTaskList                       0x20005090   Data          20  tasks.o(.bss)
    .bss                                     0x200050a4   Section      280  timers.o(.bss)
    xActiveTimerList1                        0x200050a4   Data          20  timers.o(.bss)
    xActiveTimerList2                        0x200050b8   Data          20  timers.o(.bss)
    xStaticTimerQueue                        0x200050cc   Data          80  timers.o(.bss)
    ucStaticTimerQueueStorage                0x2000511c   Data         160  timers.o(.bss)
    .bss                                     0x200051c0   Section      236  hitball.o(.bss)
    .bss                                     0x200052ac   Section       96  libspace.o(.bss)
    HEAP                                     0x20005310   Section      512  startup_stm32f407xx.o(HEAP)
    Heap_Mem                                 0x20005310   Data         512  startup_stm32f407xx.o(HEAP)
    STACK                                    0x20005510   Section     1024  startup_stm32f407xx.o(STACK)
    Stack_Mem                                0x20005510   Data        1024  startup_stm32f407xx.o(STACK)
    __initial_sp                             0x20005910   Data           0  startup_stm32f407xx.o(STACK)

    Global Symbols

    Symbol Name                              Value     Ov Type        Size  Object(Section)

    BuildAttributes$$THM_ISAv4$E$P$D$K$B$S$7EM$VFPi3$EXTD16$VFPS$VFMA$PE$A:L22UL41UL21$X:L11$S22US41US21$IEEE1$IW$USESV6$~STKCKD$USESV7$~SHL$OTIME$ROPI$IEEEJ$EBA8$UX$STANDARDLIB$REQ8$PRES8$EABIv2 0x00000000   Number         0  anon$$obj.o ABSOLUTE
    __ARM_use_no_argv                        0x00000000   Number         0  main.o ABSOLUTE
    __ARM_exceptions_init                     - Undefined Weak Reference
    __alloca_initialize                       - Undefined Weak Reference
    __arm_fini_                               - Undefined Weak Reference
    __arm_preinit_                            - Undefined Weak Reference
    __cpp_initialize__aeabi_                  - Undefined Weak Reference
    __cxa_finalize                            - Undefined Weak Reference
    __rt_locale                               - Undefined Weak Reference
    __sigvec_lookup                           - Undefined Weak Reference
    _atexit_init                              - Undefined Weak Reference
    _call_atexit_fns                          - Undefined Weak Reference
    _clock_init                               - Undefined Weak Reference
    _fp_trap_init                             - Undefined Weak Reference
    _fp_trap_shutdown                         - Undefined Weak Reference
    _get_lc_collate                           - Undefined Weak Reference
    _get_lc_ctype                             - Undefined Weak Reference
    _get_lc_monetary                          - Undefined Weak Reference
    _get_lc_numeric                           - Undefined Weak Reference
    _get_lc_time                              - Undefined Weak Reference
    _getenv_init                              - Undefined Weak Reference
    _handle_redirection                       - Undefined Weak Reference
    _init_alloc                               - Undefined Weak Reference
    _init_user_alloc                          - Undefined Weak Reference
    _initio                                   - Undefined Weak Reference
    _rand_init                                - Undefined Weak Reference
    _signal_finish                            - Undefined Weak Reference
    _signal_init                              - Undefined Weak Reference
    _terminate_alloc                          - Undefined Weak Reference
    _terminate_user_alloc                     - Undefined Weak Reference
    _terminateio                              - Undefined Weak Reference
    __Vectors_Size                           0x00000188   Number         0  startup_stm32f407xx.o ABSOLUTE
    __Vectors                                0x08000000   Data           4  startup_stm32f407xx.o(RESET)
    __Vectors_End                            0x08000188   Data           0  startup_stm32f407xx.o(RESET)
    __main                                   0x08000189   Thumb Code     8  __main.o(!!!main)
    __scatterload                            0x08000191   Thumb Code     0  __scatter.o(!!!scatter)
    __scatterload_rt2                        0x08000191   Thumb Code    44  __scatter.o(!!!scatter)
    __scatterload_rt2_thumb_only             0x08000191   Thumb Code     0  __scatter.o(!!!scatter)
    __scatterload_null                       0x0800019f   Thumb Code     0  __scatter.o(!!!scatter)
    __decompress                             0x080001c5   Thumb Code    90  __dczerorl2.o(!!dczerorl2)
    __decompress1                            0x080001c5   Thumb Code     0  __dczerorl2.o(!!dczerorl2)
    __scatterload_zeroinit                   0x08000221   Thumb Code    28  __scatter_zi.o(!!handler_zi)
    __rt_lib_init                            0x0800023d   Thumb Code     0  libinit.o(.ARM.Collect$$libinit$$00000000)
    __rt_lib_init_fp_1                       0x0800023f   Thumb Code     0  libinit2.o(.ARM.Collect$$libinit$$00000001)
    __rt_lib_init_alloca_1                   0x08000243   Thumb Code     0  libinit2.o(.ARM.Collect$$libinit$$0000002E)
    __rt_lib_init_argv_1                     0x08000243   Thumb Code     0  libinit2.o(.ARM.Collect$$libinit$$0000002C)
    __rt_lib_init_atexit_1                   0x08000243   Thumb Code     0  libinit2.o(.ARM.Collect$$libinit$$0000001B)
    __rt_lib_init_clock_1                    0x08000243   Thumb Code     0  libinit2.o(.ARM.Collect$$libinit$$00000021)
    __rt_lib_init_cpp_1                      0x08000243   Thumb Code     0  libinit2.o(.ARM.Collect$$libinit$$00000032)
    __rt_lib_init_exceptions_1               0x08000243   Thumb Code     0  libinit2.o(.ARM.Collect$$libinit$$00000030)
    __rt_lib_init_fp_trap_1                  0x08000243   Thumb Code     0  libinit2.o(.ARM.Collect$$libinit$$0000001F)
    __rt_lib_init_getenv_1                   0x08000243   Thumb Code     0  libinit2.o(.ARM.Collect$$libinit$$00000023)
    __rt_lib_init_heap_1                     0x08000243   Thumb Code     0  libinit2.o(.ARM.Collect$$libinit$$0000000A)
    __rt_lib_init_lc_collate_1               0x08000243   Thumb Code     0  libinit2.o(.ARM.Collect$$libinit$$00000011)
    __rt_lib_init_lc_ctype_1                 0x08000243   Thumb Code     0  libinit2.o(.ARM.Collect$$libinit$$00000013)
    __rt_lib_init_lc_monetary_1              0x08000243   Thumb Code     0  libinit2.o(.ARM.Collect$$libinit$$00000015)
    __rt_lib_init_lc_numeric_1               0x08000243   Thumb Code     0  libinit2.o(.ARM.Collect$$libinit$$00000017)
    __rt_lib_init_lc_time_1                  0x08000243   Thumb Code     0  libinit2.o(.ARM.Collect$$libinit$$00000019)
    __rt_lib_init_preinit_1                  0x08000243   Thumb Code     0  libinit2.o(.ARM.Collect$$libinit$$00000004)
    __rt_lib_init_rand_1                     0x08000243   Thumb Code     0  libinit2.o(.ARM.Collect$$libinit$$0000000E)
    __rt_lib_init_return                     0x08000243   Thumb Code     0  libinit2.o(.ARM.Collect$$libinit$$00000033)
    __rt_lib_init_signal_1                   0x08000243   Thumb Code     0  libinit2.o(.ARM.Collect$$libinit$$0000001D)
    __rt_lib_init_stdio_1                    0x08000243   Thumb Code     0  libinit2.o(.ARM.Collect$$libinit$$00000025)
    __rt_lib_init_user_alloc_1               0x08000243   Thumb Code     0  libinit2.o(.ARM.Collect$$libinit$$0000000C)
    __rt_lib_shutdown                        0x08000245   Thumb Code     0  libshutdown.o(.ARM.Collect$$libshutdown$$00000000)
    __rt_lib_shutdown_cpp_1                  0x08000247   Thumb Code     0  libshutdown2.o(.ARM.Collect$$libshutdown$$00000004)
    __rt_lib_shutdown_fini_1                 0x08000247   Thumb Code     0  libshutdown2.o(.ARM.Collect$$libshutdown$$00000002)
    __rt_lib_shutdown_fp_trap_1              0x08000247   Thumb Code     0  libshutdown2.o(.ARM.Collect$$libshutdown$$00000009)
    __rt_lib_shutdown_heap_1                 0x08000247   Thumb Code     0  libshutdown2.o(.ARM.Collect$$libshutdown$$00000011)
    __rt_lib_shutdown_return                 0x08000247   Thumb Code     0  libshutdown2.o(.ARM.Collect$$libshutdown$$00000012)
    __rt_lib_shutdown_signal_1               0x08000247   Thumb Code     0  libshutdown2.o(.ARM.Collect$$libshutdown$$0000000C)
    __rt_lib_shutdown_stdio_1                0x08000247   Thumb Code     0  libshutdown2.o(.ARM.Collect$$libshutdown$$00000006)
    __rt_lib_shutdown_user_alloc_1           0x08000247   Thumb Code     0  libshutdown2.o(.ARM.Collect$$libshutdown$$0000000E)
    __rt_entry                               0x08000249   Thumb Code     0  __rtentry.o(.ARM.Collect$$rtentry$$00000000)
    __rt_entry_presh_1                       0x08000249   Thumb Code     0  __rtentry2.o(.ARM.Collect$$rtentry$$00000002)
    __rt_entry_sh                            0x08000249   Thumb Code     0  __rtentry4.o(.ARM.Collect$$rtentry$$00000004)
    __rt_entry_li                            0x0800024f   Thumb Code     0  __rtentry2.o(.ARM.Collect$$rtentry$$0000000A)
    __rt_entry_postsh_1                      0x0800024f   Thumb Code     0  __rtentry2.o(.ARM.Collect$$rtentry$$00000009)
    __rt_entry_main                          0x08000253   Thumb Code     0  __rtentry2.o(.ARM.Collect$$rtentry$$0000000D)
    __rt_entry_postli_1                      0x08000253   Thumb Code     0  __rtentry2.o(.ARM.Collect$$rtentry$$0000000C)
    __rt_exit                                0x0800025b   Thumb Code     0  rtexit.o(.ARM.Collect$$rtexit$$00000000)
    __rt_exit_ls                             0x0800025d   Thumb Code     0  rtexit2.o(.ARM.Collect$$rtexit$$00000003)
    __rt_exit_prels_1                        0x0800025d   Thumb Code     0  rtexit2.o(.ARM.Collect$$rtexit$$00000002)
    __rt_exit_exit                           0x08000261   Thumb Code     0  rtexit2.o(.ARM.Collect$$rtexit$$00000004)
    SVC_Handler                              0x08000269   Thumb Code    28  port.o(.emb_text)
    __asm___6_port_c_39a90d8d__prvStartFirstTask 0x08000289   Thumb Code    36  port.o(.emb_text)
    __asm___6_port_c_39a90d8d__prvEnableVFP  0x080002b1   Thumb Code    16  port.o(.emb_text)
    PendSV_Handler                           0x080002c5   Thumb Code    88  port.o(.emb_text)
    vPortGetIPSR                             0x08000321   Thumb Code     6  port.o(.emb_text)
    Reset_Handler                            0x08000329   Thumb Code     8  startup_stm32f407xx.o(.text)
    ADC_IRQHandler                           0x08000343   Thumb Code     0  startup_stm32f407xx.o(.text)
    CAN1_RX1_IRQHandler                      0x08000343   Thumb Code     0  startup_stm32f407xx.o(.text)
    CAN1_SCE_IRQHandler                      0x08000343   Thumb Code     0  startup_stm32f407xx.o(.text)
    CAN2_RX0_IRQHandler                      0x08000343   Thumb Code     0  startup_stm32f407xx.o(.text)
    CAN2_SCE_IRQHandler                      0x08000343   Thumb Code     0  startup_stm32f407xx.o(.text)
    DCMI_IRQHandler                          0x08000343   Thumb Code     0  startup_stm32f407xx.o(.text)
    DMA2_Stream0_IRQHandler                  0x08000343   Thumb Code     0  startup_stm32f407xx.o(.text)
    DMA2_Stream2_IRQHandler                  0x08000343   Thumb Code     0  startup_stm32f407xx.o(.text)
    DMA2_Stream3_IRQHandler                  0x08000343   Thumb Code     0  startup_stm32f407xx.o(.text)
    DMA2_Stream4_IRQHandler                  0x08000343   Thumb Code     0  startup_stm32f407xx.o(.text)
    DMA2_Stream5_IRQHandler                  0x08000343   Thumb Code     0  startup_stm32f407xx.o(.text)
    DMA2_Stream7_IRQHandler                  0x08000343   Thumb Code     0  startup_stm32f407xx.o(.text)
    ETH_IRQHandler                           0x08000343   Thumb Code     0  startup_stm32f407xx.o(.text)
    ETH_WKUP_IRQHandler                      0x08000343   Thumb Code     0  startup_stm32f407xx.o(.text)
    EXTI0_IRQHandler                         0x08000343   Thumb Code     0  startup_stm32f407xx.o(.text)
    EXTI15_10_IRQHandler                     0x08000343   Thumb Code     0  startup_stm32f407xx.o(.text)
    EXTI1_IRQHandler                         0x08000343   Thumb Code     0  startup_stm32f407xx.o(.text)
    EXTI2_IRQHandler                         0x08000343   Thumb Code     0  startup_stm32f407xx.o(.text)
    EXTI3_IRQHandler                         0x08000343   Thumb Code     0  startup_stm32f407xx.o(.text)
    EXTI4_IRQHandler                         0x08000343   Thumb Code     0  startup_stm32f407xx.o(.text)
    EXTI9_5_IRQHandler                       0x08000343   Thumb Code     0  startup_stm32f407xx.o(.text)
    FLASH_IRQHandler                         0x08000343   Thumb Code     0  startup_stm32f407xx.o(.text)
    FMC_IRQHandler                           0x08000343   Thumb Code     0  startup_stm32f407xx.o(.text)
    FPU_IRQHandler                           0x08000343   Thumb Code     0  startup_stm32f407xx.o(.text)
    HASH_RNG_IRQHandler                      0x08000343   Thumb Code     0  startup_stm32f407xx.o(.text)
    I2C1_ER_IRQHandler                       0x08000343   Thumb Code     0  startup_stm32f407xx.o(.text)
    I2C1_EV_IRQHandler                       0x08000343   Thumb Code     0  startup_stm32f407xx.o(.text)
    I2C2_ER_IRQHandler                       0x08000343   Thumb Code     0  startup_stm32f407xx.o(.text)
    I2C2_EV_IRQHandler                       0x08000343   Thumb Code     0  startup_stm32f407xx.o(.text)
    I2C3_ER_IRQHandler                       0x08000343   Thumb Code     0  startup_stm32f407xx.o(.text)
    I2C3_EV_IRQHandler                       0x08000343   Thumb Code     0  startup_stm32f407xx.o(.text)
    OTG_FS_IRQHandler                        0x08000343   Thumb Code     0  startup_stm32f407xx.o(.text)
    OTG_FS_WKUP_IRQHandler                   0x08000343   Thumb Code     0  startup_stm32f407xx.o(.text)
    OTG_HS_EP1_IN_IRQHandler                 0x08000343   Thumb Code     0  startup_stm32f407xx.o(.text)
    OTG_HS_EP1_OUT_IRQHandler                0x08000343   Thumb Code     0  startup_stm32f407xx.o(.text)
    OTG_HS_IRQHandler                        0x08000343   Thumb Code     0  startup_stm32f407xx.o(.text)
    OTG_HS_WKUP_IRQHandler                   0x08000343   Thumb Code     0  startup_stm32f407xx.o(.text)
    PVD_IRQHandler                           0x08000343   Thumb Code     0  startup_stm32f407xx.o(.text)
    RCC_IRQHandler                           0x08000343   Thumb Code     0  startup_stm32f407xx.o(.text)
    RTC_Alarm_IRQHandler                     0x08000343   Thumb Code     0  startup_stm32f407xx.o(.text)
    RTC_WKUP_IRQHandler                      0x08000343   Thumb Code     0  startup_stm32f407xx.o(.text)
    SDIO_IRQHandler                          0x08000343   Thumb Code     0  startup_stm32f407xx.o(.text)
    SPI1_IRQHandler                          0x08000343   Thumb Code     0  startup_stm32f407xx.o(.text)
    SPI2_IRQHandler                          0x08000343   Thumb Code     0  startup_stm32f407xx.o(.text)
    SPI3_IRQHandler                          0x08000343   Thumb Code     0  startup_stm32f407xx.o(.text)
    TAMP_STAMP_IRQHandler                    0x08000343   Thumb Code     0  startup_stm32f407xx.o(.text)
    TIM1_BRK_TIM9_IRQHandler                 0x08000343   Thumb Code     0  startup_stm32f407xx.o(.text)
    TIM1_CC_IRQHandler                       0x08000343   Thumb Code     0  startup_stm32f407xx.o(.text)
    TIM1_TRG_COM_TIM11_IRQHandler            0x08000343   Thumb Code     0  startup_stm32f407xx.o(.text)
    TIM2_IRQHandler                          0x08000343   Thumb Code     0  startup_stm32f407xx.o(.text)
    TIM3_IRQHandler                          0x08000343   Thumb Code     0  startup_stm32f407xx.o(.text)
    TIM4_IRQHandler                          0x08000343   Thumb Code     0  startup_stm32f407xx.o(.text)
    TIM5_IRQHandler                          0x08000343   Thumb Code     0  startup_stm32f407xx.o(.text)
    TIM6_DAC_IRQHandler                      0x08000343   Thumb Code     0  startup_stm32f407xx.o(.text)
    TIM7_IRQHandler                          0x08000343   Thumb Code     0  startup_stm32f407xx.o(.text)
    TIM8_BRK_TIM12_IRQHandler                0x08000343   Thumb Code     0  startup_stm32f407xx.o(.text)
    TIM8_CC_IRQHandler                       0x08000343   Thumb Code     0  startup_stm32f407xx.o(.text)
    TIM8_TRG_COM_TIM14_IRQHandler            0x08000343   Thumb Code     0  startup_stm32f407xx.o(.text)
    TIM8_UP_TIM13_IRQHandler                 0x08000343   Thumb Code     0  startup_stm32f407xx.o(.text)
    USART1_IRQHandler                        0x08000343   Thumb Code     0  startup_stm32f407xx.o(.text)
    WWDG_IRQHandler                          0x08000343   Thumb Code     0  startup_stm32f407xx.o(.text)
    __user_initial_stackheap                 0x08000345   Thumb Code     0  startup_stm32f407xx.o(.text)
    __aeabi_uldivmod                         0x08000369   Thumb Code     0  lludivv7m.o(.text)
    _ll_udiv                                 0x08000369   Thumb Code   238  lludivv7m.o(.text)
    __aeabi_memcpy                           0x08000457   Thumb Code     0  rt_memcpy_v6.o(.text)
    __rt_memcpy                              0x08000457   Thumb Code   138  rt_memcpy_v6.o(.text)
    _memcpy_lastbytes                        0x080004bd   Thumb Code     0  rt_memcpy_v6.o(.text)
    __aeabi_memcpy4                          0x080004e1   Thumb Code     0  rt_memcpy_w.o(.text)
    __aeabi_memcpy8                          0x080004e1   Thumb Code     0  rt_memcpy_w.o(.text)
    __rt_memcpy_w                            0x080004e1   Thumb Code   100  rt_memcpy_w.o(.text)
    _memcpy_lastbytes_aligned                0x08000529   Thumb Code     0  rt_memcpy_w.o(.text)
    __aeabi_memset                           0x08000545   Thumb Code    16  aeabi_memset.o(.text)
    __aeabi_memclr4                          0x08000555   Thumb Code     0  rt_memclr_w.o(.text)
    __aeabi_memclr8                          0x08000555   Thumb Code     0  rt_memclr_w.o(.text)
    __rt_memclr_w                            0x08000555   Thumb Code    78  rt_memclr_w.o(.text)
    _memset_w                                0x08000559   Thumb Code     0  rt_memclr_w.o(.text)
    __use_two_region_memory                  0x080005a3   Thumb Code     2  heapauxi.o(.text)
    __rt_heap_escrow$2region                 0x080005a5   Thumb Code     2  heapauxi.o(.text)
    __rt_heap_expand$2region                 0x080005a7   Thumb Code     2  heapauxi.o(.text)
    __read_errno                             0x080005a9   Thumb Code    10  _rserrno.o(.text)
    __set_errno                              0x080005b3   Thumb Code    12  _rserrno.o(.text)
    __aeabi_memclr                           0x080005bf   Thumb Code     0  rt_memclr.o(.text)
    __rt_memclr                              0x080005bf   Thumb Code    68  rt_memclr.o(.text)
    _memset                                  0x080005c3   Thumb Code     0  rt_memclr.o(.text)
    __aeabi_errno_addr                       0x08000605   Thumb Code     8  rt_errno_addr_intlibspace.o(.text)
    __errno$intlibspace                      0x08000605   Thumb Code     0  rt_errno_addr_intlibspace.o(.text)
    __rt_errno_addr$intlibspace              0x08000605   Thumb Code     0  rt_errno_addr_intlibspace.o(.text)
    __user_libspace                          0x0800060d   Thumb Code     8  libspace.o(.text)
    __user_perproc_libspace                  0x0800060d   Thumb Code     0  libspace.o(.text)
    __user_perthread_libspace                0x0800060d   Thumb Code     0  libspace.o(.text)
    __user_setup_stackheap                   0x08000615   Thumb Code    74  sys_stackheap_outer.o(.text)
    exit                                     0x0800065f   Thumb Code    18  exit.o(.text)
    _sys_exit                                0x08000671   Thumb Code     8  sys_exit.o(.text)
    __I$use$semihosting                      0x0800067d   Thumb Code     0  use_no_semi.o(.text)
    __use_no_semihosting_swi                 0x0800067d   Thumb Code     2  use_no_semi.o(.text)
    BusFault_Handler                         0x0800067f   Thumb Code     4  stm32f4xx_it.o(i.BusFault_Handler)
    __semihosting_library_function           0x0800067f   Thumb Code     0  indicate_semi.o(.text)
    CAN1_RX0_IRQHandler                      0x08000685   Thumb Code    10  stm32f4xx_it.o(i.CAN1_RX0_IRQHandler)
    CAN1_TX_IRQHandler                       0x08000695   Thumb Code    10  stm32f4xx_it.o(i.CAN1_TX_IRQHandler)
    CAN2_RX1_IRQHandler                      0x080006a5   Thumb Code    10  stm32f4xx_it.o(i.CAN2_RX1_IRQHandler)
    CAN2_TX_IRQHandler                       0x080006b5   Thumb Code    10  stm32f4xx_it.o(i.CAN2_TX_IRQHandler)
    CAN_Receive_DataFrame                    0x080006c5   Thumb Code    56  CANDrive.o(i.CAN_Receive_DataFrame)
    CanFilter_Init                           0x08000701   Thumb Code    74  CANDrive.o(i.CanFilter_Init)
    DMA1_Stream0_IRQHandler                  0x08000755   Thumb Code    10  stm32f4xx_it.o(i.DMA1_Stream0_IRQHandler)
    DMA1_Stream1_IRQHandler                  0x08000765   Thumb Code    10  stm32f4xx_it.o(i.DMA1_Stream1_IRQHandler)
    DMA1_Stream2_IRQHandler                  0x08000775   Thumb Code    10  stm32f4xx_it.o(i.DMA1_Stream2_IRQHandler)
    DMA1_Stream3_IRQHandler                  0x08000785   Thumb Code    10  stm32f4xx_it.o(i.DMA1_Stream3_IRQHandler)
    DMA1_Stream4_IRQHandler                  0x08000795   Thumb Code    10  stm32f4xx_it.o(i.DMA1_Stream4_IRQHandler)
    DMA1_Stream5_IRQHandler                  0x080007a5   Thumb Code    10  stm32f4xx_it.o(i.DMA1_Stream5_IRQHandler)
    DMA1_Stream6_IRQHandler                  0x080007b5   Thumb Code    10  stm32f4xx_it.o(i.DMA1_Stream6_IRQHandler)
    DMA1_Stream7_IRQHandler                  0x080007c5   Thumb Code    10  stm32f4xx_it.o(i.DMA1_Stream7_IRQHandler)
    DMA2_Stream1_IRQHandler                  0x080007d5   Thumb Code    10  stm32f4xx_it.o(i.DMA2_Stream1_IRQHandler)
    DMA2_Stream6_IRQHandler                  0x080007e5   Thumb Code    10  stm32f4xx_it.o(i.DMA2_Stream6_IRQHandler)
    DebugMon_Handler                         0x080008ff   Thumb Code     2  stm32f4xx_it.o(i.DebugMon_Handler)
    Error_Handler                            0x08000901   Thumb Code     6  main.o(i.Error_Handler)
    HAL_CAN_ActivateNotification             0x08000907   Thumb Code    42  stm32f4xx_hal_can.o(i.HAL_CAN_ActivateNotification)
    HAL_CAN_AddTxMessage                     0x08000931   Thumb Code   330  stm32f4xx_hal_can.o(i.HAL_CAN_AddTxMessage)
    HAL_CAN_ConfigFilter                     0x08000a7d   Thumb Code   284  stm32f4xx_hal_can.o(i.HAL_CAN_ConfigFilter)
    HAL_CAN_ErrorCallback                    0x08000b9d   Thumb Code     2  stm32f4xx_hal_can.o(i.HAL_CAN_ErrorCallback)
    HAL_CAN_GetRxMessage                     0x08000b9f   Thumb Code   404  stm32f4xx_hal_can.o(i.HAL_CAN_GetRxMessage)
    HAL_CAN_IRQHandler                       0x08000d33   Thumb Code   590  stm32f4xx_hal_can.o(i.HAL_CAN_IRQHandler)
    HAL_CAN_Init                             0x08000f81   Thumb Code   372  stm32f4xx_hal_can.o(i.HAL_CAN_Init)
    HAL_CAN_MspInit                          0x080010f5   Thumb Code   362  can.o(i.HAL_CAN_MspInit)
    HAL_CAN_RxFifo0FullCallback              0x08001275   Thumb Code     2  stm32f4xx_hal_can.o(i.HAL_CAN_RxFifo0FullCallback)
    HAL_CAN_RxFifo0MsgPendingCallback        0x08001277   Thumb Code     2  stm32f4xx_hal_can.o(i.HAL_CAN_RxFifo0MsgPendingCallback)
    HAL_CAN_RxFifo1FullCallback              0x08001279   Thumb Code     2  stm32f4xx_hal_can.o(i.HAL_CAN_RxFifo1FullCallback)
    HAL_CAN_RxFifo1MsgPendingCallback        0x0800127d   Thumb Code    40  hitball.o(i.HAL_CAN_RxFifo1MsgPendingCallback)
    HAL_CAN_SleepCallback                    0x080012b1   Thumb Code     2  stm32f4xx_hal_can.o(i.HAL_CAN_SleepCallback)
    HAL_CAN_Start                            0x080012b3   Thumb Code    94  stm32f4xx_hal_can.o(i.HAL_CAN_Start)
    HAL_CAN_TxMailbox0AbortCallback          0x08001311   Thumb Code     2  stm32f4xx_hal_can.o(i.HAL_CAN_TxMailbox0AbortCallback)
    HAL_CAN_TxMailbox0CompleteCallback       0x08001313   Thumb Code     2  stm32f4xx_hal_can.o(i.HAL_CAN_TxMailbox0CompleteCallback)
    HAL_CAN_TxMailbox1AbortCallback          0x08001315   Thumb Code     2  stm32f4xx_hal_can.o(i.HAL_CAN_TxMailbox1AbortCallback)
    HAL_CAN_TxMailbox1CompleteCallback       0x08001317   Thumb Code     2  stm32f4xx_hal_can.o(i.HAL_CAN_TxMailbox1CompleteCallback)
    HAL_CAN_TxMailbox2AbortCallback          0x08001319   Thumb Code     2  stm32f4xx_hal_can.o(i.HAL_CAN_TxMailbox2AbortCallback)
    HAL_CAN_TxMailbox2CompleteCallback       0x0800131b   Thumb Code     2  stm32f4xx_hal_can.o(i.HAL_CAN_TxMailbox2CompleteCallback)
    HAL_CAN_WakeUpFromRxMsgCallback          0x0800131d   Thumb Code     2  stm32f4xx_hal_can.o(i.HAL_CAN_WakeUpFromRxMsgCallback)
    HAL_DMA_Abort                            0x0800131f   Thumb Code   172  stm32f4xx_hal_dma.o(i.HAL_DMA_Abort)
    HAL_DMA_Abort_IT                         0x080013cb   Thumb Code    40  stm32f4xx_hal_dma.o(i.HAL_DMA_Abort_IT)
    HAL_DMA_IRQHandler                       0x080013f5   Thumb Code   570  stm32f4xx_hal_dma.o(i.HAL_DMA_IRQHandler)
    HAL_DMA_Init                             0x08001635   Thumb Code   232  stm32f4xx_hal_dma.o(i.HAL_DMA_Init)
    HAL_DMA_Start_IT                         0x08001721   Thumb Code   146  stm32f4xx_hal_dma.o(i.HAL_DMA_Start_IT)
    HAL_GPIO_Init                            0x080017b5   Thumb Code   454  stm32f4xx_hal_gpio.o(i.HAL_GPIO_Init)
    HAL_GetTick                              0x080019a9   Thumb Code     6  stm32f4xx_hal.o(i.HAL_GetTick)
    HAL_IncTick                              0x080019b5   Thumb Code    16  stm32f4xx_hal.o(i.HAL_IncTick)
    HAL_Init                                 0x080019cd   Thumb Code    54  stm32f4xx_hal.o(i.HAL_Init)
    HAL_InitTick                             0x08001a09   Thumb Code   140  stm32f4xx_hal_timebase_tim.o(i.HAL_InitTick)
    HAL_MspInit                              0x08001aa9   Thumb Code    78  stm32f4xx_hal_msp.o(i.HAL_MspInit)
    HAL_NVIC_EnableIRQ                       0x08001afd   Thumb Code    40  stm32f4xx_hal_cortex.o(i.HAL_NVIC_EnableIRQ)
    HAL_NVIC_SetPriority                     0x08001b25   Thumb Code   124  stm32f4xx_hal_cortex.o(i.HAL_NVIC_SetPriority)
    HAL_NVIC_SetPriorityGrouping             0x08001ba1   Thumb Code    32  stm32f4xx_hal_cortex.o(i.HAL_NVIC_SetPriorityGrouping)
    HAL_RCC_ClockConfig                      0x08001bc9   Thumb Code   368  stm32f4xx_hal_rcc.o(i.HAL_RCC_ClockConfig)
    HAL_RCC_GetClockConfig                   0x08001d4d   Thumb Code    58  stm32f4xx_hal_rcc.o(i.HAL_RCC_GetClockConfig)
    HAL_RCC_GetHCLKFreq                      0x08001d91   Thumb Code     6  stm32f4xx_hal_rcc.o(i.HAL_RCC_GetHCLKFreq)
    HAL_RCC_GetPCLK1Freq                     0x08001d9d   Thumb Code    22  stm32f4xx_hal_rcc.o(i.HAL_RCC_GetPCLK1Freq)
    HAL_RCC_GetPCLK2Freq                     0x08001dbd   Thumb Code    22  stm32f4xx_hal_rcc.o(i.HAL_RCC_GetPCLK2Freq)
    HAL_RCC_GetSysClockFreq                  0x08001ddd   Thumb Code   162  stm32f4xx_hal_rcc.o(i.HAL_RCC_GetSysClockFreq)
    HAL_RCC_OscConfig                        0x08001e8d   Thumb Code  1172  stm32f4xx_hal_rcc.o(i.HAL_RCC_OscConfig)
    HAL_TIMEx_BreakCallback                  0x08002329   Thumb Code     2  stm32f4xx_hal_tim_ex.o(i.HAL_TIMEx_BreakCallback)
    HAL_TIMEx_CommutCallback                 0x0800232b   Thumb Code     2  stm32f4xx_hal_tim_ex.o(i.HAL_TIMEx_CommutCallback)
    HAL_TIM_Base_Init                        0x0800232d   Thumb Code   102  stm32f4xx_hal_tim.o(i.HAL_TIM_Base_Init)
    HAL_TIM_Base_MspInit                     0x08002393   Thumb Code     2  stm32f4xx_hal_tim.o(i.HAL_TIM_Base_MspInit)
    HAL_TIM_Base_Start_IT                    0x08002395   Thumb Code   138  stm32f4xx_hal_tim.o(i.HAL_TIM_Base_Start_IT)
    HAL_TIM_IC_CaptureCallback               0x0800243d   Thumb Code     2  stm32f4xx_hal_tim.o(i.HAL_TIM_IC_CaptureCallback)
    HAL_TIM_IRQHandler                       0x0800243f   Thumb Code   364  stm32f4xx_hal_tim.o(i.HAL_TIM_IRQHandler)
    HAL_TIM_OC_DelayElapsedCallback          0x080025ab   Thumb Code     2  stm32f4xx_hal_tim.o(i.HAL_TIM_OC_DelayElapsedCallback)
    HAL_TIM_PWM_PulseFinishedCallback        0x080025ad   Thumb Code     2  stm32f4xx_hal_tim.o(i.HAL_TIM_PWM_PulseFinishedCallback)
    HAL_TIM_PeriodElapsedCallback            0x080025b1   Thumb Code    18  main.o(i.HAL_TIM_PeriodElapsedCallback)
    HAL_TIM_TriggerCallback                  0x080025c9   Thumb Code     2  stm32f4xx_hal_tim.o(i.HAL_TIM_TriggerCallback)
    HAL_UARTEx_RxEventCallback               0x080025cb   Thumb Code     2  stm32f4xx_hal_uart.o(i.HAL_UARTEx_RxEventCallback)
    HAL_UART_DMAStop                         0x080025cd   Thumb Code   138  stm32f4xx_hal_uart.o(i.HAL_UART_DMAStop)
    HAL_UART_ErrorCallback                   0x08002657   Thumb Code     2  stm32f4xx_hal_uart.o(i.HAL_UART_ErrorCallback)
    HAL_UART_IRQHandler                      0x08002659   Thumb Code   772  stm32f4xx_hal_uart.o(i.HAL_UART_IRQHandler)
    HAL_UART_Init                            0x08002961   Thumb Code   118  stm32f4xx_hal_uart.o(i.HAL_UART_Init)
    HAL_UART_MspInit                         0x080029d9   Thumb Code  1370  usart.o(i.HAL_UART_MspInit)
    HAL_UART_Receive_DMA                     0x08002f51   Thumb Code    44  stm32f4xx_hal_uart.o(i.HAL_UART_Receive_DMA)
    HAL_UART_RxCpltCallback                  0x08002f7d   Thumb Code     2  stm32f4xx_hal_uart.o(i.HAL_UART_RxCpltCallback)
    HAL_UART_RxHalfCpltCallback              0x08002f7f   Thumb Code     2  stm32f4xx_hal_uart.o(i.HAL_UART_RxHalfCpltCallback)
    HAL_UART_TxCpltCallback                  0x08002f81   Thumb Code     2  stm32f4xx_hal_uart.o(i.HAL_UART_TxCpltCallback)
    HardFault_Handler                        0x08002f83   Thumb Code     4  stm32f4xx_it.o(i.HardFault_Handler)
    MX_CAN1_Init                             0x08002f89   Thumb Code    58  can.o(i.MX_CAN1_Init)
    MX_CAN2_Init                             0x08002fcd   Thumb Code    58  can.o(i.MX_CAN2_Init)
    MX_DMA_Init                              0x08003011   Thumb Code   226  dma.o(i.MX_DMA_Init)
    MX_FREERTOS_Init                         0x080030f9   Thumb Code    32  freertos.o(i.MX_FREERTOS_Init)
    MX_GPIO_Init                             0x08003129   Thumb Code   156  gpio.o(i.MX_GPIO_Init)
    MX_UART4_Init                            0x080031c9   Thumb Code    46  usart.o(i.MX_UART4_Init)
    MX_UART5_Init                            0x08003201   Thumb Code    46  usart.o(i.MX_UART5_Init)
    MX_USART2_UART_Init                      0x08003239   Thumb Code    46  usart.o(i.MX_USART2_UART_Init)
    MX_USART3_UART_Init                      0x08003271   Thumb Code    46  usart.o(i.MX_USART3_UART_Init)
    MX_USART6_UART_Init                      0x080032a9   Thumb Code    46  usart.o(i.MX_USART6_UART_Init)
    MemManage_Handler                        0x080032e1   Thumb Code     4  stm32f4xx_it.o(i.MemManage_Handler)
    Move_Remote                              0x080032e5   Thumb Code   252  Chassis.o(i.Move_Remote)
    NMI_Handler                              0x0800340d   Thumb Code     4  stm32f4xx_it.o(i.NMI_Handler)
    PID_Control2                             0x08003411   Thumb Code   202  PID_old.o(i.PID_Control2)
    Remote                                   0x080034dd   Thumb Code   840  Chassis.o(i.Remote)
    RobStrideEnable                          0x08003889   Thumb Code    36  RobStride.o(i.RobStrideEnable)
    RobStrideInit                            0x080038ad   Thumb Code    14  RobStride.o(i.RobStrideInit)
    RobStrideRecv_Handle                     0x080038bd   Thumb Code   508  RobStride.o(i.RobStrideRecv_Handle)
    RobStrideSend                            0x08003ad5   Thumb Code    50  RobStride.o(i.RobStrideSend)
    RobStrideSetMode                         0x08003b07   Thumb Code    54  RobStride.o(i.RobStrideSetMode)
    RobStrideTorqueControl                   0x08003b3d   Thumb Code    64  RobStride.o(i.RobStrideTorqueControl)
    StartDefaultTask                         0x08003b7d   Thumb Code    20  freertos.o(i.StartDefaultTask)
    SysTick_Handler                          0x08003b91   Thumb Code    22  cmsis_os2.o(i.SysTick_Handler)
    SystemClock_Config                       0x08003ba9   Thumb Code   174  main.o(i.SystemClock_Config)
    SystemInit                               0x08003c61   Thumb Code    14  system_stm32f4xx.o(i.SystemInit)
    TIM1_UP_TIM10_IRQHandler                 0x08003c75   Thumb Code    10  stm32f4xx_it.o(i.TIM1_UP_TIM10_IRQHandler)
    TIM_Base_SetConfig                       0x08003c85   Thumb Code   178  stm32f4xx_hal_tim.o(i.TIM_Base_SetConfig)
    Task_Init                                0x08003d65   Thumb Code   100  Task_Init.o(i.Task_Init)
    UART4_IRQHandler                         0x08003e05   Thumb Code   104  stm32f4xx_it.o(i.UART4_IRQHandler)
    UART5_IRQHandler                         0x08003e7d   Thumb Code    10  stm32f4xx_it.o(i.UART5_IRQHandler)
    UART_Start_Receive_DMA                   0x080043a1   Thumb Code   202  stm32f4xx_hal_uart.o(i.UART_Start_Receive_DMA)
    USART2_IRQHandler                        0x080044d9   Thumb Code    10  stm32f4xx_it.o(i.USART2_IRQHandler)
    USART3_IRQHandler                        0x080044e9   Thumb Code    10  stm32f4xx_it.o(i.USART3_IRQHandler)
    USART6_IRQHandler                        0x080044f9   Thumb Code    10  stm32f4xx_it.o(i.USART6_IRQHandler)
    Updatekey                                0x08004509   Thumb Code    12  Task_Init.o(i.Updatekey)
    UsageFault_Handler                       0x08004515   Thumb Code     4  stm32f4xx_it.o(i.UsageFault_Handler)
    VESC_SetCurrent                          0x08004519   Thumb Code   122  VESC.o(i.VESC_SetCurrent)
    Volleyball_Serve                         0x0800459d   Thumb Code   242  hitball.o(i.Volleyball_Serve)
    __hardfp_sqrt                            0x080046eb   Thumb Code   122  sqrt.o(i.__hardfp_sqrt)
    main                                     0x08004765   Thumb Code    80  main.o(i.main)
    osDelay                                  0x080047b9   Thumb Code    30  cmsis_os2.o(i.osDelay)
    osKernelInitialize                       0x080047d9   Thumb Code    38  cmsis_os2.o(i.osKernelInitialize)
    osKernelStart                            0x08004805   Thumb Code    82  cmsis_os2.o(i.osKernelStart)
    osThreadNew                              0x08004865   Thumb Code   184  cmsis_os2.o(i.osThreadNew)
    pvPortMalloc                             0x08005355   Thumb Code   306  heap_4.o(i.pvPortMalloc)
    pvTaskIncrementMutexHeldCount            0x080054a1   Thumb Code    26  tasks.o(i.pvTaskIncrementMutexHeldCount)
    pxPortInitialiseStack                    0x080054c1   Thumb Code    38  port.o(i.pxPortInitialiseStack)
    uxListRemove                             0x080054ed   Thumb Code    40  list.o(i.uxListRemove)
    vApplicationGetIdleTaskMemory            0x08005515   Thumb Code    14  cmsis_os2.o(i.vApplicationGetIdleTaskMemory)
    vApplicationGetTimerTaskMemory           0x0800552d   Thumb Code    16  cmsis_os2.o(i.vApplicationGetTimerTaskMemory)
    vListInitialise                          0x08005545   Thumb Code    26  list.o(i.vListInitialise)
    vListInitialiseItem                      0x0800555f   Thumb Code     6  list.o(i.vListInitialiseItem)
    vListInsert                              0x08005565   Thumb Code    52  list.o(i.vListInsert)
    vListInsertEnd                           0x08005599   Thumb Code    24  list.o(i.vListInsertEnd)
    vPortEnterCritical                       0x080055b1   Thumb Code    76  port.o(i.vPortEnterCritical)
    vPortExitCritical                        0x08005605   Thumb Code    56  port.o(i.vPortExitCritical)
    vPortFree                                0x08005641   Thumb Code   150  heap_4.o(i.vPortFree)
    vPortSetupTimerInterrupt                 0x080056e5   Thumb Code    36  port.o(i.vPortSetupTimerInterrupt)
    vPortValidateInterruptPriority           0x0800570d   Thumb Code   106  port.o(i.vPortValidateInterruptPriority)
    vQueueAddToRegistry                      0x08005785   Thumb Code    38  queue.o(i.vQueueAddToRegistry)
    vQueueWaitForMessageRestricted           0x080057b1   Thumb Code    74  queue.o(i.vQueueWaitForMessageRestricted)
    vTaskDelay                               0x080057fd   Thumb Code    82  tasks.o(i.vTaskDelay)
    vTaskDelayUntil                          0x08005859   Thumb Code   200  tasks.o(i.vTaskDelayUntil)
    vTaskDelete                              0x0800592d   Thumb Code   168  tasks.o(i.vTaskDelete)
    vTaskInternalSetTimeOutState             0x080059f5   Thumb Code    14  tasks.o(i.vTaskInternalSetTimeOutState)
    vTaskMissedYield                         0x08005a0d   Thumb Code     8  tasks.o(i.vTaskMissedYield)
    vTaskPlaceOnEventList                    0x08005a19   Thumb Code    52  tasks.o(i.vTaskPlaceOnEventList)
    vTaskPlaceOnEventListRestricted          0x08005a51   Thumb Code    60  tasks.o(i.vTaskPlaceOnEventListRestricted)
    vTaskPriorityDisinheritAfterTimeout      0x08005a91   Thumb Code   194  tasks.o(i.vTaskPriorityDisinheritAfterTimeout)
    vTaskStartScheduler                      0x08005b61   Thumb Code   156  tasks.o(i.vTaskStartScheduler)
    vTaskSuspendAll                          0x08005c19   Thumb Code    12  tasks.o(i.vTaskSuspendAll)
    vTaskSwitchContext                       0x08005c29   Thumb Code   122  tasks.o(i.vTaskSwitchContext)
    xPortStartScheduler                      0x08005cb9   Thumb Code   330  port.o(i.xPortStartScheduler)
    xPortSysTickHandler                      0x08005e21   Thumb Code    46  port.o(i.xPortSysTickHandler)
    xQueueGenericCreate                      0x08005e55   Thumb Code    90  queue.o(i.xQueueGenericCreate)
    xQueueGenericCreateStatic                0x08005eaf   Thumb Code   224  queue.o(i.xQueueGenericCreateStatic)
    xQueueGenericReset                       0x08005f91   Thumb Code   146  queue.o(i.xQueueGenericReset)
    xQueueGenericSend                        0x08006029   Thumb Code   420  queue.o(i.xQueueGenericSend)
    xQueueGenericSendFromISR                 0x080061d1   Thumb Code   252  queue.o(i.xQueueGenericSendFromISR)
    xQueueGiveFromISR                        0x080062cd   Thumb Code   224  queue.o(i.xQueueGiveFromISR)
    xQueueReceive                            0x080063ad   Thumb Code   356  queue.o(i.xQueueReceive)
    xQueueSemaphoreTake                      0x08006515   Thumb Code   434  queue.o(i.xQueueSemaphoreTake)
    xTaskCheckForTimeOut                     0x080066cd   Thumb Code   132  tasks.o(i.xTaskCheckForTimeOut)
    xTaskCreate                              0x08006759   Thumb Code   100  tasks.o(i.xTaskCreate)
    xTaskCreateStatic                        0x080067bd   Thumb Code   186  tasks.o(i.xTaskCreateStatic)
    xTaskGetSchedulerState                   0x08006879   Thumb Code    24  tasks.o(i.xTaskGetSchedulerState)
    xTaskGetTickCount                        0x08006899   Thumb Code     6  tasks.o(i.xTaskGetTickCount)
    xTaskIncrementTick                       0x080068a5   Thumb Code   280  tasks.o(i.xTaskIncrementTick)
    xTaskPriorityDisinherit                  0x080069e9   Thumb Code   152  tasks.o(i.xTaskPriorityDisinherit)
    xTaskPriorityInherit                     0x08006a8d   Thumb Code   150  tasks.o(i.xTaskPriorityInherit)
    xTaskRemoveFromEventList                 0x08006b31   Thumb Code   126  tasks.o(i.xTaskRemoveFromEventList)
    xTaskResumeAll                           0x08006bc9   Thumb Code   222  tasks.o(i.xTaskResumeAll)
    xTimerCreateTimerTask                    0x08006ccd   Thumb Code   100  timers.o(i.xTimerCreateTimerTask)
    xTimerGenericCommand                     0x08006d45   Thumb Code   128  timers.o(i.xTimerGenericCommand)
    __aeabi_dneg                             0x08006dc9   Thumb Code     0  basic.o(x$fpl$basic)
    _dneg                                    0x08006dc9   Thumb Code     6  basic.o(x$fpl$basic)
    __aeabi_fneg                             0x08006dcf   Thumb Code     0  basic.o(x$fpl$basic)
    _fneg                                    0x08006dcf   Thumb Code     6  basic.o(x$fpl$basic)
    _dabs                                    0x08006dd5   Thumb Code     6  basic.o(x$fpl$basic)
    _fabs                                    0x08006ddb   Thumb Code     6  basic.o(x$fpl$basic)
    __aeabi_d2f                              0x08006de1   Thumb Code     0  d2f.o(x$fpl$d2f)
    _d2f                                     0x08006de1   Thumb Code    98  d2f.o(x$fpl$d2f)
    __aeabi_ddiv                             0x08006e45   Thumb Code     0  ddiv.o(x$fpl$ddiv)
    _ddiv                                    0x08006e45   Thumb Code   552  ddiv.o(x$fpl$ddiv)
    __aeabi_d2iz                             0x080070f5   Thumb Code     0  dfix.o(x$fpl$dfix)
    _dfix                                    0x080070f5   Thumb Code    94  dfix.o(x$fpl$dfix)
    __aeabi_dmul                             0x08007155   Thumb Code     0  dmul.o(x$fpl$dmul)
    _dmul                                    0x08007155   Thumb Code   332  dmul.o(x$fpl$dmul)
    __fpl_dnaninf                            0x080072a9   Thumb Code   156  dnaninf.o(x$fpl$dnaninf)
    __fpl_dretinf                            0x08007345   Thumb Code    12  dretinf.o(x$fpl$dretinf)
    _dsqrt                                   0x08007351   Thumb Code   404  dsqrt_umaal.o(x$fpl$dsqrt)
    __aeabi_f2d                              0x080074e9   Thumb Code     0  f2d.o(x$fpl$f2d)
    _f2d                                     0x080074e9   Thumb Code    86  f2d.o(x$fpl$f2d)
    __fpl_fnaninf                            0x0800753f   Thumb Code   140  fnaninf.o(x$fpl$fnaninf)
    _fp_init                                 0x080075cb   Thumb Code    10  fpinit.o(x$fpl$fpinit)
    __fplib_config_fpu_vfp                   0x080075d3   Thumb Code     0  fpinit.o(x$fpl$fpinit)
    __fplib_config_pureend_doubles           0x080075d3   Thumb Code     0  fpinit.o(x$fpl$fpinit)
    __fpl_fretinf                            0x080075d5   Thumb Code    10  fretinf.o(x$fpl$fretinf)
    __I$use$fp                               0x080075de   Number         0  usenofp.o(x$fpl$usenofp)
    defaultTask_attributes                   0x080075e0   Data          36  freertos.o(.constdata)
    AHBPrescTable                            0x08007604   Data          16  system_stm32f4xx.o(.constdata)
    APBPrescTable                            0x08007614   Data           8  system_stm32f4xx.o(.constdata)
    Region$$Table$$Base                      0x08007630   Number         0  anon$$obj.o(Region$$Table)
    Region$$Table$$Limit                     0x08007650   Number         0  anon$$obj.o(Region$$Table)
    remote_semaphore                         0x20000004   Data           4  freertos.o(.data)
    defaultTaskHandle                        0x20000008   Data           4  freertos.o(.data)
    Remote_Control                           0x2000000c   Data          16  stm32f4xx_it.o(.data)
    SystemCoreClock                          0x2000001c   Data           4  system_stm32f4xx.o(.data)
    uwTick                                   0x20000020   Data           4  stm32f4xx_hal.o(.data)
    uwTickPrio                               0x20000024   Data           4  stm32f4xx_hal.o(.data)
    uwTickFreq                               0x20000028   Data           1  stm32f4xx_hal.o(.data)
    pxCurrentTCB                             0x2000005c   Data           4  tasks.o(.data)
    steering1                                0x200000ac   Data          60  Chassis.o(.data)
    steering2                                0x200000e8   Data          60  Chassis.o(.data)
    steering3                                0x20000124   Data          60  Chassis.o(.data)
    steering4                                0x20000160   Data          60  Chassis.o(.data)
    vesc1                                    0x2000019c   Data          36  Chassis.o(.data)
    vesc2                                    0x200001c0   Data          36  Chassis.o(.data)
    vesc3                                    0x200001e4   Data          36  Chassis.o(.data)
    vesc4                                    0x20000208   Data          36  Chassis.o(.data)
    MODE                                     0x2000022c   Data           1  Chassis.o(.data)
    Vx                                       0x20000230   Data           4  Chassis.o(.data)
    Vy                                       0x20000234   Data           4  Chassis.o(.data)
    Wz                                       0x20000238   Data           4  Chassis.o(.data)
    v1                                       0x2000023c   Data           4  Chassis.o(.data)
    v2                                       0x20000240   Data           4  Chassis.o(.data)
    v3                                       0x20000244   Data           4  Chassis.o(.data)
    v4                                       0x20000248   Data           4  Chassis.o(.data)
    wheel_one                                0x2000024c   Data           4  Chassis.o(.data)
    wheel_two                                0x20000250   Data           4  Chassis.o(.data)
    wheel_three                              0x20000254   Data           4  Chassis.o(.data)
    wheel_four                               0x20000258   Data           4  Chassis.o(.data)
    Remote_Handle                            0x2000025c   Data           4  Chassis.o(.data)
    Move_Remote_Handle                       0x20000260   Data           4  Chassis.o(.data)
    Exp_control                              0x20000264   Data           4  hitball.o(.data)
    R_UP_PID                                 0x20000268   Data          72  hitball.o(.data)
    R_DOWN_PID                               0x200002b0   Data          72  hitball.o(.data)
    Volleyball_Serve_Handle                  0x200002f8   Data           4  hitball.o(.data)
    hcan1                                    0x200002fc   Data          40  can.o(.bss)
    hcan2                                    0x20000324   Data          40  can.o(.bss)
    htim1                                    0x2000034c   Data          72  stm32f4xx_hal_timebase_tim.o(.bss)
    usart4_dma_buff                          0x20000394   Data          30  stm32f4xx_it.o(.bss)
    RemoteData                               0x200003b2   Data          12  stm32f4xx_it.o(.bss)
    huart4                                   0x200003c0   Data          72  usart.o(.bss)
    huart5                                   0x20000408   Data          72  usart.o(.bss)
    huart2                                   0x20000450   Data          72  usart.o(.bss)
    huart3                                   0x20000498   Data          72  usart.o(.bss)
    huart6                                   0x200004e0   Data          72  usart.o(.bss)
    hdma_uart4_rx                            0x20000528   Data          96  usart.o(.bss)
    hdma_uart4_tx                            0x20000588   Data          96  usart.o(.bss)
    hdma_uart5_rx                            0x200005e8   Data          96  usart.o(.bss)
    hdma_uart5_tx                            0x20000648   Data          96  usart.o(.bss)
    hdma_usart2_rx                           0x200006a8   Data          96  usart.o(.bss)
    hdma_usart2_tx                           0x20000708   Data          96  usart.o(.bss)
    hdma_usart3_rx                           0x20000768   Data          96  usart.o(.bss)
    hdma_usart3_tx                           0x200007c8   Data          96  usart.o(.bss)
    hdma_usart6_rx                           0x20000828   Data          96  usart.o(.bss)
    hdma_usart6_tx                           0x20000888   Data          96  usart.o(.bss)
    xQueueRegistry                           0x20004ba0   Data          64  queue.o(.bss)
    R_up                                     0x200051c0   Data         104  hitball.o(.bss)
    R_up_expect                              0x20005228   Data          12  hitball.o(.bss)
    R_down                                   0x20005238   Data         104  hitball.o(.bss)
    R_down_expect                            0x200052a0   Data          12  hitball.o(.bss)
    __libspace_start                         0x200052ac   Data          96  libspace.o(.bss)
    __temporary_stack_top$libspace           0x2000530c   Data           0  libspace.o(.bss)



==============================================================================

Memory Map of the image

  Image Entry point : 0x08000189

  Load Region LR_IROM1 (Base: 0x08000000, Size: 0x0000794c, Max: 0x00080000, ABSOLUTE, COMPRESSED[0x000076a8])

    Execution Region ER_IROM1 (Base: 0x08000000, Size: 0x00007650, Max: 0x00080000, ABSOLUTE)

    Base Addr    Size         Type   Attr      Idx    E Section Name        Object

    0x08000000   0x00000188   Data   RO         5786    RESET               startup_stm32f407xx.o
    0x08000188   0x00000008   Code   RO         5807  * !!!main             c_w.l(__main.o)
    0x08000190   0x00000034   Code   RO         6036    !!!scatter          c_w.l(__scatter.o)
    0x080001c4   0x0000005a   Code   RO         6034    !!dczerorl2         c_w.l(__dczerorl2.o)
    0x0800021e   0x00000002   PAD
    0x08000220   0x0000001c   Code   RO         6038    !!handler_zi        c_w.l(__scatter_zi.o)
    0x0800023c   0x00000002   Code   RO         5905    .ARM.Collect$$libinit$$00000000  c_w.l(libinit.o)
    0x0800023e   0x00000004   Code   RO         5914    .ARM.Collect$$libinit$$00000001  c_w.l(libinit2.o)
    0x08000242   0x00000000   Code   RO         5917    .ARM.Collect$$libinit$$00000004  c_w.l(libinit2.o)
    0x08000242   0x00000000   Code   RO         5920    .ARM.Collect$$libinit$$0000000A  c_w.l(libinit2.o)
    0x08000242   0x00000000   Code   RO         5922    .ARM.Collect$$libinit$$0000000C  c_w.l(libinit2.o)
    0x08000242   0x00000000   Code   RO         5924    .ARM.Collect$$libinit$$0000000E  c_w.l(libinit2.o)
    0x08000242   0x00000000   Code   RO         5927    .ARM.Collect$$libinit$$00000011  c_w.l(libinit2.o)
    0x08000242   0x00000000   Code   RO         5929    .ARM.Collect$$libinit$$00000013  c_w.l(libinit2.o)
    0x08000242   0x00000000   Code   RO         5931    .ARM.Collect$$libinit$$00000015  c_w.l(libinit2.o)
    0x08000242   0x00000000   Code   RO         5933    .ARM.Collect$$libinit$$00000017  c_w.l(libinit2.o)
    0x08000242   0x00000000   Code   RO         5935    .ARM.Collect$$libinit$$00000019  c_w.l(libinit2.o)
    0x08000242   0x00000000   Code   RO         5937    .ARM.Collect$$libinit$$0000001B  c_w.l(libinit2.o)
    0x08000242   0x00000000   Code   RO         5939    .ARM.Collect$$libinit$$0000001D  c_w.l(libinit2.o)
    0x08000242   0x00000000   Code   RO         5941    .ARM.Collect$$libinit$$0000001F  c_w.l(libinit2.o)
    0x08000242   0x00000000   Code   RO         5943    .ARM.Collect$$libinit$$00000021  c_w.l(libinit2.o)
    0x08000242   0x00000000   Code   RO         5945    .ARM.Collect$$libinit$$00000023  c_w.l(libinit2.o)
    0x08000242   0x00000000   Code   RO         5947    .ARM.Collect$$libinit$$00000025  c_w.l(libinit2.o)
    0x08000242   0x00000000   Code   RO         5951    .ARM.Collect$$libinit$$0000002C  c_w.l(libinit2.o)
    0x08000242   0x00000000   Code   RO         5953    .ARM.Collect$$libinit$$0000002E  c_w.l(libinit2.o)
    0x08000242   0x00000000   Code   RO         5955    .ARM.Collect$$libinit$$00000030  c_w.l(libinit2.o)
    0x08000242   0x00000000   Code   RO         5957    .ARM.Collect$$libinit$$00000032  c_w.l(libinit2.o)
    0x08000242   0x00000002   Code   RO         5958    .ARM.Collect$$libinit$$00000033  c_w.l(libinit2.o)
    0x08000244   0x00000002   Code   RO         5989    .ARM.Collect$$libshutdown$$00000000  c_w.l(libshutdown.o)
    0x08000246   0x00000000   Code   RO         6015    .ARM.Collect$$libshutdown$$00000002  c_w.l(libshutdown2.o)
    0x08000246   0x00000000   Code   RO         6017    .ARM.Collect$$libshutdown$$00000004  c_w.l(libshutdown2.o)
    0x08000246   0x00000000   Code   RO         6019    .ARM.Collect$$libshutdown$$00000006  c_w.l(libshutdown2.o)
    0x08000246   0x00000000   Code   RO         6022    .ARM.Collect$$libshutdown$$00000009  c_w.l(libshutdown2.o)
    0x08000246   0x00000000   Code   RO         6025    .ARM.Collect$$libshutdown$$0000000C  c_w.l(libshutdown2.o)
    0x08000246   0x00000000   Code   RO         6027    .ARM.Collect$$libshutdown$$0000000E  c_w.l(libshutdown2.o)
    0x08000246   0x00000000   Code   RO         6030    .ARM.Collect$$libshutdown$$00000011  c_w.l(libshutdown2.o)
    0x08000246   0x00000002   Code   RO         6031    .ARM.Collect$$libshutdown$$00000012  c_w.l(libshutdown2.o)
    0x08000248   0x00000000   Code   RO         5843    .ARM.Collect$$rtentry$$00000000  c_w.l(__rtentry.o)
    0x08000248   0x00000000   Code   RO         5866    .ARM.Collect$$rtentry$$00000002  c_w.l(__rtentry2.o)
    0x08000248   0x00000006   Code   RO         5878    .ARM.Collect$$rtentry$$00000004  c_w.l(__rtentry4.o)
    0x0800024e   0x00000000   Code   RO         5868    .ARM.Collect$$rtentry$$00000009  c_w.l(__rtentry2.o)
    0x0800024e   0x00000004   Code   RO         5869    .ARM.Collect$$rtentry$$0000000A  c_w.l(__rtentry2.o)
    0x08000252   0x00000000   Code   RO         5871    .ARM.Collect$$rtentry$$0000000C  c_w.l(__rtentry2.o)
    0x08000252   0x00000008   Code   RO         5872    .ARM.Collect$$rtentry$$0000000D  c_w.l(__rtentry2.o)
    0x0800025a   0x00000002   Code   RO         5906    .ARM.Collect$$rtexit$$00000000  c_w.l(rtexit.o)
    0x0800025c   0x00000000   Code   RO         5962    .ARM.Collect$$rtexit$$00000002  c_w.l(rtexit2.o)
    0x0800025c   0x00000004   Code   RO         5963    .ARM.Collect$$rtexit$$00000003  c_w.l(rtexit2.o)
    0x08000260   0x00000006   Code   RO         5964    .ARM.Collect$$rtexit$$00000004  c_w.l(rtexit2.o)
    0x08000266   0x00000002   PAD
    0x08000268   0x000000be   Code   RO         4301    .emb_text           port.o
    0x08000326   0x00000002   PAD
    0x08000328   0x00000040   Code   RO         5787    .text               startup_stm32f407xx.o
    0x08000368   0x000000ee   Code   RO         5793    .text               c_w.l(lludivv7m.o)
    0x08000456   0x0000008a   Code   RO         5795    .text               c_w.l(rt_memcpy_v6.o)
    0x080004e0   0x00000064   Code   RO         5797    .text               c_w.l(rt_memcpy_w.o)
    0x08000544   0x00000010   Code   RO         5801    .text               c_w.l(aeabi_memset.o)
    0x08000554   0x0000004e   Code   RO         5803    .text               c_w.l(rt_memclr_w.o)
    0x080005a2   0x00000006   Code   RO         5805    .text               c_w.l(heapauxi.o)
    0x080005a8   0x00000016   Code   RO         5848    .text               c_w.l(_rserrno.o)
    0x080005be   0x00000044   Code   RO         5850    .text               c_w.l(rt_memclr.o)
    0x08000602   0x00000002   PAD
    0x08000604   0x00000008   Code   RO         5885    .text               c_w.l(rt_errno_addr_intlibspace.o)
    0x0800060c   0x00000008   Code   RO         5889    .text               c_w.l(libspace.o)
    0x08000614   0x0000004a   Code   RO         5892    .text               c_w.l(sys_stackheap_outer.o)
    0x0800065e   0x00000012   Code   RO         5894    .text               c_w.l(exit.o)
    0x08000670   0x0000000c   Code   RO         5959    .text               c_w.l(sys_exit.o)
    0x0800067c   0x00000002   Code   RO         5978    .text               c_w.l(use_no_semi.o)
    0x0800067e   0x00000000   Code   RO         5980    .text               c_w.l(indicate_semi.o)
    0x0800067e   0x00000004   Code   RO          443    i.BusFault_Handler  stm32f4xx_it.o
    0x08000682   0x00000002   PAD
    0x08000684   0x00000010   Code   RO          444    i.CAN1_RX0_IRQHandler  stm32f4xx_it.o
    0x08000694   0x00000010   Code   RO          445    i.CAN1_TX_IRQHandler  stm32f4xx_it.o
    0x080006a4   0x00000010   Code   RO          446    i.CAN2_RX1_IRQHandler  stm32f4xx_it.o
    0x080006b4   0x00000010   Code   RO          447    i.CAN2_TX_IRQHandler  stm32f4xx_it.o
    0x080006c4   0x0000003c   Code   RO         5325    i.CAN_Receive_DataFrame  CANDrive.o
    0x08000700   0x00000054   Code   RO         5327    i.CanFilter_Init    CANDrive.o
    0x08000754   0x00000010   Code   RO          448    i.DMA1_Stream0_IRQHandler  stm32f4xx_it.o
    0x08000764   0x00000010   Code   RO          449    i.DMA1_Stream1_IRQHandler  stm32f4xx_it.o
    0x08000774   0x00000010   Code   RO          450    i.DMA1_Stream2_IRQHandler  stm32f4xx_it.o
    0x08000784   0x00000010   Code   RO          451    i.DMA1_Stream3_IRQHandler  stm32f4xx_it.o
    0x08000794   0x00000010   Code   RO          452    i.DMA1_Stream4_IRQHandler  stm32f4xx_it.o
    0x080007a4   0x00000010   Code   RO          453    i.DMA1_Stream5_IRQHandler  stm32f4xx_it.o
    0x080007b4   0x00000010   Code   RO          454    i.DMA1_Stream6_IRQHandler  stm32f4xx_it.o
    0x080007c4   0x00000010   Code   RO          455    i.DMA1_Stream7_IRQHandler  stm32f4xx_it.o
    0x080007d4   0x00000010   Code   RO          456    i.DMA2_Stream1_IRQHandler  stm32f4xx_it.o
    0x080007e4   0x00000010   Code   RO          457    i.DMA2_Stream6_IRQHandler  stm32f4xx_it.o
    0x080007f4   0x00000034   Code   RO         1309    i.DMA_CalcBaseAndBitshift  stm32f4xx_hal_dma.o
    0x08000828   0x000000aa   Code   RO         1310    i.DMA_CheckFifoParam  stm32f4xx_hal_dma.o
    0x080008d2   0x0000002c   Code   RO         1311    i.DMA_SetConfig     stm32f4xx_hal_dma.o
    0x080008fe   0x00000002   Code   RO          458    i.DebugMon_Handler  stm32f4xx_it.o
    0x08000900   0x00000006   Code   RO          335    i.Error_Handler     main.o
    0x08000906   0x0000002a   Code   RO          918    i.HAL_CAN_ActivateNotification  stm32f4xx_hal_can.o
    0x08000930   0x0000014a   Code   RO          919    i.HAL_CAN_AddTxMessage  stm32f4xx_hal_can.o
    0x08000a7a   0x00000002   PAD
    0x08000a7c   0x00000120   Code   RO          920    i.HAL_CAN_ConfigFilter  stm32f4xx_hal_can.o
    0x08000b9c   0x00000002   Code   RO          923    i.HAL_CAN_ErrorCallback  stm32f4xx_hal_can.o
    0x08000b9e   0x00000194   Code   RO          926    i.HAL_CAN_GetRxMessage  stm32f4xx_hal_can.o
    0x08000d32   0x0000024e   Code   RO          930    i.HAL_CAN_IRQHandler  stm32f4xx_hal_can.o
    0x08000f80   0x00000174   Code   RO          931    i.HAL_CAN_Init      stm32f4xx_hal_can.o
    0x080010f4   0x00000180   Code   RO            5    i.HAL_CAN_MspInit   can.o
    0x08001274   0x00000002   Code   RO          938    i.HAL_CAN_RxFifo0FullCallback  stm32f4xx_hal_can.o
    0x08001276   0x00000002   Code   RO          939    i.HAL_CAN_RxFifo0MsgPendingCallback  stm32f4xx_hal_can.o
    0x08001278   0x00000002   Code   RO          940    i.HAL_CAN_RxFifo1FullCallback  stm32f4xx_hal_can.o
    0x0800127a   0x00000002   PAD
    0x0800127c   0x00000034   Code   RO         5750    i.HAL_CAN_RxFifo1MsgPendingCallback  hitball.o
    0x080012b0   0x00000002   Code   RO          942    i.HAL_CAN_SleepCallback  stm32f4xx_hal_can.o
    0x080012b2   0x0000005e   Code   RO          943    i.HAL_CAN_Start     stm32f4xx_hal_can.o
    0x08001310   0x00000002   Code   RO          945    i.HAL_CAN_TxMailbox0AbortCallback  stm32f4xx_hal_can.o
    0x08001312   0x00000002   Code   RO          946    i.HAL_CAN_TxMailbox0CompleteCallback  stm32f4xx_hal_can.o
    0x08001314   0x00000002   Code   RO          947    i.HAL_CAN_TxMailbox1AbortCallback  stm32f4xx_hal_can.o
    0x08001316   0x00000002   Code   RO          948    i.HAL_CAN_TxMailbox1CompleteCallback  stm32f4xx_hal_can.o
    0x08001318   0x00000002   Code   RO          949    i.HAL_CAN_TxMailbox2AbortCallback  stm32f4xx_hal_can.o
    0x0800131a   0x00000002   Code   RO          950    i.HAL_CAN_TxMailbox2CompleteCallback  stm32f4xx_hal_can.o
    0x0800131c   0x00000002   Code   RO          952    i.HAL_CAN_WakeUpFromRxMsgCallback  stm32f4xx_hal_can.o
    0x0800131e   0x000000ac   Code   RO         1312    i.HAL_DMA_Abort     stm32f4xx_hal_dma.o
    0x080013ca   0x00000028   Code   RO         1313    i.HAL_DMA_Abort_IT  stm32f4xx_hal_dma.o
    0x080013f2   0x00000002   PAD
    0x080013f4   0x00000240   Code   RO         1317    i.HAL_DMA_IRQHandler  stm32f4xx_hal_dma.o
    0x08001634   0x000000ec   Code   RO         1318    i.HAL_DMA_Init      stm32f4xx_hal_dma.o
    0x08001720   0x00000092   Code   RO         1322    i.HAL_DMA_Start_IT  stm32f4xx_hal_dma.o
    0x080017b2   0x00000002   PAD
    0x080017b4   0x000001f4   Code   RO         1772    i.HAL_GPIO_Init     stm32f4xx_hal_gpio.o
    0x080019a8   0x0000000c   Code   RO          744    i.HAL_GetTick       stm32f4xx_hal.o
    0x080019b4   0x00000018   Code   RO          750    i.HAL_IncTick       stm32f4xx_hal.o
    0x080019cc   0x0000003c   Code   RO          751    i.HAL_Init          stm32f4xx_hal.o
    0x08001a08   0x000000a0   Code   RO          404    i.HAL_InitTick      stm32f4xx_hal_timebase_tim.o
    0x08001aa8   0x00000054   Code   RO          380    i.HAL_MspInit       stm32f4xx_hal_msp.o
    0x08001afc   0x00000028   Code   RO         1159    i.HAL_NVIC_EnableIRQ  stm32f4xx_hal_cortex.o
    0x08001b24   0x0000007c   Code   RO         1165    i.HAL_NVIC_SetPriority  stm32f4xx_hal_cortex.o
    0x08001ba0   0x00000028   Code   RO         1166    i.HAL_NVIC_SetPriorityGrouping  stm32f4xx_hal_cortex.o
    0x08001bc8   0x00000184   Code   RO         2010    i.HAL_RCC_ClockConfig  stm32f4xx_hal_rcc.o
    0x08001d4c   0x00000044   Code   RO         2014    i.HAL_RCC_GetClockConfig  stm32f4xx_hal_rcc.o
    0x08001d90   0x0000000c   Code   RO         2015    i.HAL_RCC_GetHCLKFreq  stm32f4xx_hal_rcc.o
    0x08001d9c   0x00000020   Code   RO         2017    i.HAL_RCC_GetPCLK1Freq  stm32f4xx_hal_rcc.o
    0x08001dbc   0x00000020   Code   RO         2018    i.HAL_RCC_GetPCLK2Freq  stm32f4xx_hal_rcc.o
    0x08001ddc   0x000000b0   Code   RO         2019    i.HAL_RCC_GetSysClockFreq  stm32f4xx_hal_rcc.o
    0x08001e8c   0x0000049c   Code   RO         2022    i.HAL_RCC_OscConfig  stm32f4xx_hal_rcc.o
    0x08002328   0x00000002   Code   RO         2882    i.HAL_TIMEx_BreakCallback  stm32f4xx_hal_tim_ex.o
    0x0800232a   0x00000002   Code   RO         2883    i.HAL_TIMEx_CommutCallback  stm32f4xx_hal_tim_ex.o
    0x0800232c   0x00000066   Code   RO         2167    i.HAL_TIM_Base_Init  stm32f4xx_hal_tim.o
    0x08002392   0x00000002   Code   RO         2169    i.HAL_TIM_Base_MspInit  stm32f4xx_hal_tim.o
    0x08002394   0x000000a8   Code   RO         2172    i.HAL_TIM_Base_Start_IT  stm32f4xx_hal_tim.o
    0x0800243c   0x00000002   Code   RO         2201    i.HAL_TIM_IC_CaptureCallback  stm32f4xx_hal_tim.o
    0x0800243e   0x0000016c   Code   RO         2215    i.HAL_TIM_IRQHandler  stm32f4xx_hal_tim.o
    0x080025aa   0x00000002   Code   RO         2218    i.HAL_TIM_OC_DelayElapsedCallback  stm32f4xx_hal_tim.o
    0x080025ac   0x00000002   Code   RO         2245    i.HAL_TIM_PWM_PulseFinishedCallback  stm32f4xx_hal_tim.o
    0x080025ae   0x00000002   PAD
    0x080025b0   0x00000018   Code   RO          336    i.HAL_TIM_PeriodElapsedCallback  main.o
    0x080025c8   0x00000002   Code   RO         2258    i.HAL_TIM_TriggerCallback  stm32f4xx_hal_tim.o
    0x080025ca   0x00000002   Code   RO         3161    i.HAL_UARTEx_RxEventCallback  stm32f4xx_hal_uart.o
    0x080025cc   0x0000008a   Code   RO         3173    i.HAL_UART_DMAStop  stm32f4xx_hal_uart.o
    0x08002656   0x00000002   Code   RO         3175    i.HAL_UART_ErrorCallback  stm32f4xx_hal_uart.o
    0x08002658   0x00000308   Code   RO         3178    i.HAL_UART_IRQHandler  stm32f4xx_hal_uart.o
    0x08002960   0x00000076   Code   RO         3179    i.HAL_UART_Init     stm32f4xx_hal_uart.o
    0x080029d6   0x00000002   PAD
    0x080029d8   0x00000578   Code   RO          666    i.HAL_UART_MspInit  usart.o
    0x08002f50   0x0000002c   Code   RO         3183    i.HAL_UART_Receive_DMA  stm32f4xx_hal_uart.o
    0x08002f7c   0x00000002   Code   RO         3185    i.HAL_UART_RxCpltCallback  stm32f4xx_hal_uart.o
    0x08002f7e   0x00000002   Code   RO         3186    i.HAL_UART_RxHalfCpltCallback  stm32f4xx_hal_uart.o
    0x08002f80   0x00000002   Code   RO         3190    i.HAL_UART_TxCpltCallback  stm32f4xx_hal_uart.o
    0x08002f82   0x00000004   Code   RO          459    i.HardFault_Handler  stm32f4xx_it.o
    0x08002f86   0x00000002   PAD
    0x08002f88   0x00000044   Code   RO            6    i.MX_CAN1_Init      can.o
    0x08002fcc   0x00000044   Code   RO            7    i.MX_CAN2_Init      can.o
    0x08003010   0x000000e8   Code   RO          155    i.MX_DMA_Init       dma.o
    0x080030f8   0x00000030   Code   RO          182    i.MX_FREERTOS_Init  freertos.o
    0x08003128   0x000000a0   Code   RO          308    i.MX_GPIO_Init      gpio.o
    0x080031c8   0x00000038   Code   RO          667    i.MX_UART4_Init     usart.o
    0x08003200   0x00000038   Code   RO          668    i.MX_UART5_Init     usart.o
    0x08003238   0x00000038   Code   RO          669    i.MX_USART2_UART_Init  usart.o
    0x08003270   0x00000038   Code   RO          670    i.MX_USART3_UART_Init  usart.o
    0x080032a8   0x00000038   Code   RO          671    i.MX_USART6_UART_Init  usart.o
    0x080032e0   0x00000004   Code   RO          460    i.MemManage_Handler  stm32f4xx_it.o
    0x080032e4   0x00000128   Code   RO         5381    i.Move_Remote       Chassis.o
    0x0800340c   0x00000004   Code   RO          461    i.NMI_Handler       stm32f4xx_it.o
    0x08003410   0x000000ca   Code   RO         5426    i.PID_Control2      PID_old.o
    0x080034da   0x00000002   PAD
    0x080034dc   0x000003ac   Code   RO         5382    i.Remote            Chassis.o
    0x08003888   0x00000024   Code   RO         5448    i.RobStrideEnable   RobStride.o
    0x080038ac   0x0000000e   Code   RO         5450    i.RobStrideInit     RobStride.o
    0x080038ba   0x00000002   PAD
    0x080038bc   0x00000218   Code   RO         5453    i.RobStrideRecv_Handle  RobStride.o
    0x08003ad4   0x00000032   Code   RO         5455    i.RobStrideSend     RobStride.o
    0x08003b06   0x00000036   Code   RO         5459    i.RobStrideSetMode  RobStride.o
    0x08003b3c   0x00000040   Code   RO         5464    i.RobStrideTorqueControl  RobStride.o
    0x08003b7c   0x00000014   Code   RO          183    i.StartDefaultTask  freertos.o
    0x08003b90   0x00000016   Code   RO         3528    i.SysTick_Handler   cmsis_os2.o
    0x08003ba6   0x00000002   PAD
    0x08003ba8   0x000000b8   Code   RO          337    i.SystemClock_Config  main.o
    0x08003c60   0x00000014   Code   RO          629    i.SystemInit        system_stm32f4xx.o
    0x08003c74   0x00000010   Code   RO          462    i.TIM1_UP_TIM10_IRQHandler  stm32f4xx_it.o
    0x08003c84   0x000000e0   Code   RO         2260    i.TIM_Base_SetConfig  stm32f4xx_hal_tim.o
    0x08003d64   0x000000a0   Code   RO         5582    i.Task_Init         Task_Init.o
    0x08003e04   0x00000078   Code   RO          463    i.UART4_IRQHandler  stm32f4xx_it.o
    0x08003e7c   0x00000010   Code   RO          464    i.UART5_IRQHandler  stm32f4xx_it.o
    0x08003e8c   0x00000012   Code   RO         3192    i.UART_DMAAbortOnError  stm32f4xx_hal_uart.o
    0x08003e9e   0x00000050   Code   RO         3193    i.UART_DMAError     stm32f4xx_hal_uart.o
    0x08003eee   0x000000b4   Code   RO         3194    i.UART_DMAReceiveCplt  stm32f4xx_hal_uart.o
    0x08003fa2   0x00000024   Code   RO         3196    i.UART_DMARxHalfCplt  stm32f4xx_hal_uart.o
    0x08003fc6   0x0000006c   Code   RO         3202    i.UART_EndRxTransfer  stm32f4xx_hal_uart.o
    0x08004032   0x00000020   Code   RO         3203    i.UART_EndTransmit_IT  stm32f4xx_hal_uart.o
    0x08004052   0x00000026   Code   RO         3204    i.UART_EndTxTransfer  stm32f4xx_hal_uart.o
    0x08004078   0x000000fc   Code   RO         3205    i.UART_Receive_IT   stm32f4xx_hal_uart.o
    0x08004174   0x0000022c   Code   RO         3206    i.UART_SetConfig    stm32f4xx_hal_uart.o
    0x080043a0   0x000000d8   Code   RO         3207    i.UART_Start_Receive_DMA  stm32f4xx_hal_uart.o
    0x08004478   0x00000060   Code   RO         3209    i.UART_Transmit_IT  stm32f4xx_hal_uart.o
    0x080044d8   0x00000010   Code   RO          465    i.USART2_IRQHandler  stm32f4xx_it.o
    0x080044e8   0x00000010   Code   RO          466    i.USART3_IRQHandler  stm32f4xx_it.o
    0x080044f8   0x00000010   Code   RO          467    i.USART6_IRQHandler  stm32f4xx_it.o
    0x08004508   0x0000000c   Code   RO         5583    i.Updatekey         Task_Init.o
    0x08004514   0x00000004   Code   RO          468    i.UsageFault_Handler  stm32f4xx_it.o
    0x08004518   0x00000084   Code   RO         5618    i.VESC_SetCurrent   VESC.o
    0x0800459c   0x00000110   Code   RO         5751    i.Volleyball_Serve  hitball.o
    0x080046ac   0x00000010   Code   RO         1172    i.__NVIC_GetPriorityGrouping  stm32f4xx_hal_cortex.o
    0x080046bc   0x00000028   Code   RO         1173    i.__NVIC_SetPriority  stm32f4xx_hal_cortex.o
    0x080046e4   0x00000006   Code   RO         3530    i.__get_IPSR        cmsis_os2.o
    0x080046ea   0x0000007a   Code   RO         5831    i.__hardfp_sqrt     m_wm.l(sqrt.o)
    0x08004764   0x00000054   Code   RO          338    i.main              main.o
    0x080047b8   0x0000001e   Code   RO         3531    i.osDelay           cmsis_os2.o
    0x080047d6   0x00000002   PAD
    0x080047d8   0x0000002c   Code   RO         3545    i.osKernelInitialize  cmsis_os2.o
    0x08004804   0x00000060   Code   RO         3548    i.osKernelStart     cmsis_os2.o
    0x08004864   0x000000b8   Code   RO         3590    i.osThreadNew       cmsis_os2.o
    0x0800491c   0x0000007c   Code   RO         4783    i.prvAddCurrentTaskToDelayedList  tasks.o
    0x08004998   0x000000b8   Code   RO         4784    i.prvAddNewTaskToReadyList  tasks.o
    0x08004a50   0x00000074   Code   RO         5159    i.prvCheckForValidListAndQueue  timers.o
    0x08004ac4   0x00000048   Code   RO         4785    i.prvCheckTasksWaitingTermination  tasks.o
    0x08004b0c   0x0000002a   Code   RO         4379    i.prvCopyDataFromQueue  queue.o
    0x08004b36   0x0000007e   Code   RO         4380    i.prvCopyDataToQueue  queue.o
    0x08004bb4   0x00000050   Code   RO         4786    i.prvDeleteTCB      tasks.o
    0x08004c04   0x00000014   Code   RO         4381    i.prvGetDisinheritPriorityAfterTimeout  queue.o
    0x08004c18   0x00000028   Code   RO         5160    i.prvGetNextExpireTime  timers.o
    0x08004c40   0x0000007c   Code   RO         4234    i.prvHeapInit       heap_4.o
    0x08004cbc   0x00000028   Code   RO         4787    i.prvIdleTask       tasks.o
    0x08004ce4   0x0000002a   Code   RO         4383    i.prvInitialiseNewQueue  queue.o
    0x08004d0e   0x000000be   Code   RO         4788    i.prvInitialiseNewTask  tasks.o
    0x08004dcc   0x00000068   Code   RO         4789    i.prvInitialiseTaskLists  tasks.o
    0x08004e34   0x00000068   Code   RO         4235    i.prvInsertBlockIntoFreeList  heap_4.o
    0x08004e9c   0x00000058   Code   RO         5162    i.prvInsertTimerInActiveList  timers.o
    0x08004ef4   0x0000001a   Code   RO         4384    i.prvIsQueueEmpty   queue.o
    0x08004f0e   0x0000001e   Code   RO         4385    i.prvIsQueueFull    queue.o
    0x08004f2c   0x00000074   Code   RO         5163    i.prvProcessExpiredTimer  timers.o
    0x08004fa0   0x00000164   Code   RO         5164    i.prvProcessReceivedCommands  timers.o
    0x08005104   0x00000074   Code   RO         5165    i.prvProcessTimerOrBlockTask  timers.o
    0x08005178   0x00000034   Code   RO         4791    i.prvResetNextTaskUnblockTime  tasks.o
    0x080051ac   0x0000002c   Code   RO         5166    i.prvSampleTimeNow  timers.o
    0x080051d8   0x000000a4   Code   RO         5167    i.prvSwitchTimerLists  timers.o
    0x0800527c   0x00000040   Code   RO         4302    i.prvTaskExitError  port.o
    0x080052bc   0x0000001a   Code   RO         5168    i.prvTimerTask      timers.o
    0x080052d6   0x0000007e   Code   RO         4386    i.prvUnlockQueue    queue.o
    0x08005354   0x0000014c   Code   RO         4236    i.pvPortMalloc      heap_4.o
    0x080054a0   0x00000020   Code   RO         4794    i.pvTaskIncrementMutexHeldCount  tasks.o
    0x080054c0   0x0000002c   Code   RO         4303    i.pxPortInitialiseStack  port.o
    0x080054ec   0x00000028   Code   RO         4195    i.uxListRemove      list.o
    0x08005514   0x00000018   Code   RO         3602    i.vApplicationGetIdleTaskMemory  cmsis_os2.o
    0x0800552c   0x00000018   Code   RO         3603    i.vApplicationGetTimerTaskMemory  cmsis_os2.o
    0x08005544   0x0000001a   Code   RO         4196    i.vListInitialise   list.o
    0x0800555e   0x00000006   Code   RO         4197    i.vListInitialiseItem  list.o
    0x08005564   0x00000034   Code   RO         4198    i.vListInsert       list.o
    0x08005598   0x00000018   Code   RO         4199    i.vListInsertEnd    list.o
    0x080055b0   0x00000054   Code   RO         4305    i.vPortEnterCritical  port.o
    0x08005604   0x0000003c   Code   RO         4306    i.vPortExitCritical  port.o
    0x08005640   0x000000a4   Code   RO         4237    i.vPortFree         heap_4.o
    0x080056e4   0x00000028   Code   RO         4307    i.vPortSetupTimerInterrupt  port.o
    0x0800570c   0x00000078   Code   RO         4308    i.vPortValidateInterruptPriority  port.o
    0x08005784   0x0000002c   Code   RO         4392    i.vQueueAddToRegistry  queue.o
    0x080057b0   0x0000004a   Code   RO         4396    i.vQueueWaitForMessageRestricted  queue.o
    0x080057fa   0x00000002   PAD
    0x080057fc   0x0000005c   Code   RO         4804    i.vTaskDelay        tasks.o
    0x08005858   0x000000d4   Code   RO         4805    i.vTaskDelayUntil   tasks.o
    0x0800592c   0x000000c8   Code   RO         4806    i.vTaskDelete       tasks.o
    0x080059f4   0x00000018   Code   RO         4809    i.vTaskInternalSetTimeOutState  tasks.o
    0x08005a0c   0x0000000c   Code   RO         4810    i.vTaskMissedYield  tasks.o
    0x08005a18   0x00000038   Code   RO         4812    i.vTaskPlaceOnEventList  tasks.o
    0x08005a50   0x00000040   Code   RO         4813    i.vTaskPlaceOnEventListRestricted  tasks.o
    0x08005a90   0x000000d0   Code   RO         4815    i.vTaskPriorityDisinheritAfterTimeout  tasks.o
    0x08005b60   0x000000b8   Code   RO         4821    i.vTaskStartScheduler  tasks.o
    0x08005c18   0x00000010   Code   RO         4823    i.vTaskSuspendAll   tasks.o
    0x08005c28   0x00000090   Code   RO         4824    i.vTaskSwitchContext  tasks.o
    0x08005cb8   0x00000168   Code   RO         4309    i.xPortStartScheduler  port.o
    0x08005e20   0x00000034   Code   RO         4310    i.xPortSysTickHandler  port.o
    0x08005e54   0x0000005a   Code   RO         4401    i.xQueueGenericCreate  queue.o
    0x08005eae   0x000000e0   Code   RO         4402    i.xQueueGenericCreateStatic  queue.o
    0x08005f8e   0x00000002   PAD
    0x08005f90   0x00000098   Code   RO         4403    i.xQueueGenericReset  queue.o
    0x08006028   0x000001a8   Code   RO         4404    i.xQueueGenericSend  queue.o
    0x080061d0   0x000000fc   Code   RO         4405    i.xQueueGenericSendFromISR  queue.o
    0x080062cc   0x000000e0   Code   RO         4408    i.xQueueGiveFromISR  queue.o
    0x080063ac   0x00000168   Code   RO         4414    i.xQueueReceive     queue.o
    0x08006514   0x000001b8   Code   RO         4416    i.xQueueSemaphoreTake  queue.o
    0x080066cc   0x0000008c   Code   RO         4826    i.xTaskCheckForTimeOut  tasks.o
    0x08006758   0x00000064   Code   RO         4827    i.xTaskCreate       tasks.o
    0x080067bc   0x000000ba   Code   RO         4828    i.xTaskCreateStatic  tasks.o
    0x08006876   0x00000002   PAD
    0x08006878   0x00000020   Code   RO         4832    i.xTaskGetSchedulerState  tasks.o
    0x08006898   0x0000000c   Code   RO         4833    i.xTaskGetTickCount  tasks.o
    0x080068a4   0x00000144   Code   RO         4835    i.xTaskIncrementTick  tasks.o
    0x080069e8   0x000000a4   Code   RO         4838    i.xTaskPriorityDisinherit  tasks.o
    0x08006a8c   0x000000a4   Code   RO         4839    i.xTaskPriorityInherit  tasks.o
    0x08006b30   0x00000098   Code   RO         4840    i.xTaskRemoveFromEventList  tasks.o
    0x08006bc8   0x00000104   Code   RO         4841    i.xTaskResumeAll    tasks.o
    0x08006ccc   0x00000078   Code   RO         5177    i.xTimerCreateTimerTask  timers.o
    0x08006d44   0x00000084   Code   RO         5178    i.xTimerGenericCommand  timers.o
    0x08006dc8   0x00000018   Code   RO         5809    x$fpl$basic         fz_wm.l(basic.o)
    0x08006de0   0x00000062   Code   RO         5811    x$fpl$d2f           fz_wm.l(d2f.o)
    0x08006e42   0x00000002   PAD
    0x08006e44   0x000002b0   Code   RO         5814    x$fpl$ddiv          fz_wm.l(ddiv.o)
    0x080070f4   0x0000005e   Code   RO         5817    x$fpl$dfix          fz_wm.l(dfix.o)
    0x08007152   0x00000002   PAD
    0x08007154   0x00000154   Code   RO         5827    x$fpl$dmul          fz_wm.l(dmul.o)
    0x080072a8   0x0000009c   Code   RO         5854    x$fpl$dnaninf       fz_wm.l(dnaninf.o)
    0x08007344   0x0000000c   Code   RO         5856    x$fpl$dretinf       fz_wm.l(dretinf.o)
    0x08007350   0x00000198   Code   RO         5858    x$fpl$dsqrt         fz_wm.l(dsqrt_umaal.o)
    0x080074e8   0x00000056   Code   RO         5829    x$fpl$f2d           fz_wm.l(f2d.o)
    0x0800753e   0x0000008c   Code   RO         5860    x$fpl$fnaninf       fz_wm.l(fnaninf.o)
    0x080075ca   0x0000000a   Code   RO         5974    x$fpl$fpinit        fz_wm.l(fpinit.o)
    0x080075d4   0x0000000a   Code   RO         5862    x$fpl$fretinf       fz_wm.l(fretinf.o)
    0x080075de   0x00000000   Code   RO         5864    x$fpl$usenofp       fz_wm.l(usenofp.o)
    0x080075de   0x00000002   PAD
    0x080075e0   0x00000024   Data   RO          184    .constdata          freertos.o
    0x08007604   0x00000018   Data   RO          630    .constdata          system_stm32f4xx.o
    0x0800761c   0x00000008   Data   RO         1324    .constdata          stm32f4xx_hal_dma.o
    0x08007624   0x0000000c   Data   RO          185    .conststring        freertos.o
    0x08007630   0x00000020   Data   RO         6032    Region$$Table       anon$$obj.o


    Execution Region RW_IRAM1 (Base: 0x20000000, Size: 0x00005910, Max: 0x0001c000, ABSOLUTE, COMPRESSED[0x00000058])

    Base Addr    Size         Type   Attr      Idx    E Section Name        Object

    0x20000000   0x00000004   Data   RW            9    .data               can.o
    0x20000004   0x00000008   Data   RW          186    .data               freertos.o
    0x2000000c   0x00000010   Data   RW          470    .data               stm32f4xx_it.o
    0x2000001c   0x00000004   Data   RW          631    .data               system_stm32f4xx.o
    0x20000020   0x00000009   Data   RW          758    .data               stm32f4xx_hal.o
    0x20000029   0x00000003   PAD
    0x2000002c   0x00000004   Data   RW         3605    .data               cmsis_os2.o
    0x20000030   0x00000020   Data   RW         4243    .data               heap_4.o
    0x20000050   0x0000000c   Data   RW         4311    .data               port.o
    0x2000005c   0x0000003c   Data   RW         4844    .data               tasks.o
    0x20000098   0x00000014   Data   RW         5186    .data               timers.o
    0x200000ac   0x000001b8   Data   RW         5383    .data               Chassis.o
    0x20000264   0x00000098   Data   RW         5753    .data               hitball.o
    0x200002fc   0x00000050   Zero   RW            8    .bss                can.o
    0x2000034c   0x00000048   Zero   RW          407    .bss                stm32f4xx_hal_timebase_tim.o
    0x20000394   0x0000002a   Zero   RW          469    .bss                stm32f4xx_it.o
    0x200003be   0x00000002   PAD
    0x200003c0   0x00000528   Zero   RW          672    .bss                usart.o
    0x200008e8   0x000006b8   Zero   RW         3604    .bss                cmsis_os2.o
    0x20000fa0   0x00003c00   Zero   RW         4242    .bss                heap_4.o
    0x20004ba0   0x00000040   Zero   RW         4418    .bss                queue.o
    0x20004be0   0x000004c4   Zero   RW         4843    .bss                tasks.o
    0x200050a4   0x00000118   Zero   RW         5185    .bss                timers.o
    0x200051bc   0x00000004   PAD
    0x200051c0   0x000000ec   Zero   RW         5752    .bss                hitball.o
    0x200052ac   0x00000060   Zero   RW         5890    .bss                c_w.l(libspace.o)
    0x2000530c   0x00000004   PAD
    0x20005310   0x00000200   Zero   RW         5785    HEAP                startup_stm32f407xx.o
    0x20005510   0x00000400   Zero   RW         5784    STACK               startup_stm32f407xx.o


    Execution Region RW_IRAM2 (Base: 0x2001c000, Size: 0x00000000, Max: 0x00004000, ABSOLUTE)

    **** No section assigned to this execution region ****


==============================================================================

Image component sizes


      Code (inc. data)   RO Data    RW Data    ZI Data      Debug   Object Name

       144         14          0          0          0      12161   CANDrive.o
      1236        144          0        440          0       4179   Chassis.o
       202          0          0          0          0        839   PID_old.o
       754         38          0          0          0       6309   RobStride.o
       172         60          0          0          0       1248   Task_Init.o
       132         10          0          0          0       2518   VESC.o
       520         42          0          4         80     703618   can.o
       430         38          0          4       1720      62463   cmsis_os2.o
       232          6          0          0          0        858   dma.o
         0          0          0          0          0      19400   event_groups.o
        68         16         48          8          0      22926   freertos.o
       160          4          0          0          0        911   gpio.o
       724         74          0         32      15360      21779   heap_4.o
       324         42          0        152        236       2651   hitball.o
       148          0          0          0          0       3514   list.o
       298         20          0          0          0       2660   main.o
      1014         92          0         12          0      12009   port.o
      2696         26          0          0         64      21996   queue.o
        64         26        392          0       1536        804   startup_stm32f407xx.o
        96         20          0          9          0       8030   stm32f4xx_hal.o
      2144          4          0          0          0      14203   stm32f4xx_hal_can.o
       260         22          0          0          0      33502   stm32f4xx_hal_cortex.o
      1436         16          8          0          0       6954   stm32f4xx_hal_dma.o
       500         46          0          0          0       1436   stm32f4xx_hal_gpio.o
        84          6          0          0          0        842   stm32f4xx_hal_msp.o
      1888         94          0          0          0       6217   stm32f4xx_hal_rcc.o
       868         76          0          0          0       6506   stm32f4xx_hal_tim.o
         4          0          0          0          0       1573   stm32f4xx_hal_tim_ex.o
       160         20          0          0         72       1407   stm32f4xx_hal_timebase_tim.o
      2698         28          0          0          0      15401   stm32f4xx_hal_uart.o
       446        130          0         16         42      15151   stm32f4xx_it.o
        20          6         24          4          0       1103   system_stm32f4xx.o
      3624        424          0         60       1220      31887   tasks.o
      1318        124          0         20        280      13239   timers.o
      1680        150          0          0       1320       5296   usart.o

    ----------------------------------------------------------------------
     26576       1818        504        764      21936    1065590   Object Totals
         0          0         32          0          0          0   (incl. Generated)
        32          0          0          3          6          0   (incl. Padding)

    ----------------------------------------------------------------------

      Code (inc. data)   RO Data    RW Data    ZI Data      Debug   Library Member Name

        90          0          0          0          0          0   __dczerorl2.o
         8          0          0          0          0         68   __main.o
         0          0          0          0          0          0   __rtentry.o
        12          0          0          0          0          0   __rtentry2.o
         6          0          0          0          0          0   __rtentry4.o
        52          8          0          0          0          0   __scatter.o
        28          0          0          0          0          0   __scatter_zi.o
        22          0          0          0          0        100   _rserrno.o
        16          0          0          0          0         68   aeabi_memset.o
        18          0          0          0          0         80   exit.o
         6          0          0          0          0        152   heapauxi.o
         0          0          0          0          0          0   indicate_semi.o
         2          0          0          0          0          0   libinit.o
         6          0          0          0          0          0   libinit2.o
         2          0          0          0          0          0   libshutdown.o
         2          0          0          0          0          0   libshutdown2.o
         8          4          0          0         96         68   libspace.o
       238          0          0          0          0        100   lludivv7m.o
         8          4          0          0          0         68   rt_errno_addr_intlibspace.o
        68          0          0          0          0         68   rt_memclr.o
        78          0          0          0          0         80   rt_memclr_w.o
       138          0          0          0          0         68   rt_memcpy_v6.o
       100          0          0          0          0         80   rt_memcpy_w.o
         2          0          0          0          0          0   rtexit.o
        10          0          0          0          0          0   rtexit2.o
        12          4          0          0          0         68   sys_exit.o
        74          0          0          0          0         80   sys_stackheap_outer.o
         2          0          0          0          0         68   use_no_semi.o
        24          0          0          0          0        164   basic.o
        98          4          0          0          0        140   d2f.o
       688        140          0          0          0        256   ddiv.o
        94          4          0          0          0        140   dfix.o
       340         12          0          0          0        152   dmul.o
       156          4          0          0          0        140   dnaninf.o
        12          0          0          0          0        116   dretinf.o
       408         56          0          0          0        168   dsqrt_umaal.o
        86          4          0          0          0        132   f2d.o
       140          4          0          0          0        132   fnaninf.o
        10          0          0          0          0        116   fpinit.o
        10          0          0          0          0        116   fretinf.o
         0          0          0          0          0          0   usenofp.o
       122          0          0          0          0        148   sqrt.o

    ----------------------------------------------------------------------
      3208        248          0          0        100       3136   Library Totals
        12          0          0          0          4          0   (incl. Padding)

    ----------------------------------------------------------------------

      Code (inc. data)   RO Data    RW Data    ZI Data      Debug   Library Name

      1008         20          0          0         96       1216   c_w.l
      2066        228          0          0          0       1772   fz_wm.l
       122          0          0          0          0        148   m_wm.l

    ----------------------------------------------------------------------
      3208        248          0          0        100       3136   Library Totals

    ----------------------------------------------------------------------

==============================================================================


      Code (inc. data)   RO Data    RW Data    ZI Data      Debug   

     29784       2066        504        764      22036    1045854   Grand Totals
     29784       2066        504         88      22036    1045854   ELF Image Totals (compressed)
     29784       2066        504         88          0          0   ROM Totals

==============================================================================

    Total RO  Size (Code + RO Data)                30288 (  29.58kB)
    Total RW  Size (RW Data + ZI Data)             22800 (  22.27kB)
    Total ROM Size (Code + RO Data + RW Data)      30376 (  29.66kB)

==============================================================================

